Archive member included to satisfy reference by file (symbol)

C:/ST/STM32CubeIDE_1.19.0/STM32CubeIDE/plugins/com.st.stm32cube.ide.mcu.externaltools.gnu-tools-for-stm32.13.3.rel1.win32_1.0.0.202411081344/tools/bin/../lib/gcc/arm-none-eabi/13.3.1/../../../../arm-none-eabi/lib/thumb/v7e-m+fp/hard\libc_nano.a(libc_a-exit.o)
                              C:/ST/STM32CubeIDE_1.19.0/STM32CubeIDE/plugins/com.st.stm32cube.ide.mcu.externaltools.gnu-tools-for-stm32.13.3.rel1.win32_1.0.0.202411081344/tools/bin/../lib/gcc/arm-none-eabi/13.3.1/../../../../arm-none-eabi/lib/thumb/v7e-m+fp/hard/crt0.o (exit)
C:/ST/STM32CubeIDE_1.19.0/STM32CubeIDE/plugins/com.st.stm32cube.ide.mcu.externaltools.gnu-tools-for-stm32.13.3.rel1.win32_1.0.0.202411081344/tools/bin/../lib/gcc/arm-none-eabi/13.3.1/../../../../arm-none-eabi/lib/thumb/v7e-m+fp/hard\libc_nano.a(libc_a-malloc.o)
                              ./Core/Src/emote.o (malloc)
C:/ST/STM32CubeIDE_1.19.0/STM32CubeIDE/plugins/com.st.stm32cube.ide.mcu.externaltools.gnu-tools-for-stm32.13.3.rel1.win32_1.0.0.202411081344/tools/bin/../lib/gcc/arm-none-eabi/13.3.1/../../../../arm-none-eabi/lib/thumb/v7e-m+fp/hard\libc_nano.a(libc_a-mallocr.o)
                              C:/ST/STM32CubeIDE_1.19.0/STM32CubeIDE/plugins/com.st.stm32cube.ide.mcu.externaltools.gnu-tools-for-stm32.13.3.rel1.win32_1.0.0.202411081344/tools/bin/../lib/gcc/arm-none-eabi/13.3.1/../../../../arm-none-eabi/lib/thumb/v7e-m+fp/hard\libc_nano.a(libc_a-malloc.o) (_malloc_r)
C:/ST/STM32CubeIDE_1.19.0/STM32CubeIDE/plugins/com.st.stm32cube.ide.mcu.externaltools.gnu-tools-for-stm32.13.3.rel1.win32_1.0.0.202411081344/tools/bin/../lib/gcc/arm-none-eabi/13.3.1/../../../../arm-none-eabi/lib/thumb/v7e-m+fp/hard\libc_nano.a(libc_a-mlock.o)
                              C:/ST/STM32CubeIDE_1.19.0/STM32CubeIDE/plugins/com.st.stm32cube.ide.mcu.externaltools.gnu-tools-for-stm32.13.3.rel1.win32_1.0.0.202411081344/tools/bin/../lib/gcc/arm-none-eabi/13.3.1/../../../../arm-none-eabi/lib/thumb/v7e-m+fp/hard\libc_nano.a(libc_a-mallocr.o) (__malloc_lock)
C:/ST/STM32CubeIDE_1.19.0/STM32CubeIDE/plugins/com.st.stm32cube.ide.mcu.externaltools.gnu-tools-for-stm32.13.3.rel1.win32_1.0.0.202411081344/tools/bin/../lib/gcc/arm-none-eabi/13.3.1/../../../../arm-none-eabi/lib/thumb/v7e-m+fp/hard\libc_nano.a(libc_a-findfp.o)
                              C:/ST/STM32CubeIDE_1.19.0/STM32CubeIDE/plugins/com.st.stm32cube.ide.mcu.externaltools.gnu-tools-for-stm32.13.3.rel1.win32_1.0.0.202411081344/tools/bin/../lib/gcc/arm-none-eabi/13.3.1/../../../../arm-none-eabi/lib/thumb/v7e-m+fp/hard\libc_nano.a(libc_a-exit.o) (__stdio_exit_handler)
C:/ST/STM32CubeIDE_1.19.0/STM32CubeIDE/plugins/com.st.stm32cube.ide.mcu.externaltools.gnu-tools-for-stm32.13.3.rel1.win32_1.0.0.202411081344/tools/bin/../lib/gcc/arm-none-eabi/13.3.1/../../../../arm-none-eabi/lib/thumb/v7e-m+fp/hard\libc_nano.a(libc_a-fwalk.o)
                              C:/ST/STM32CubeIDE_1.19.0/STM32CubeIDE/plugins/com.st.stm32cube.ide.mcu.externaltools.gnu-tools-for-stm32.13.3.rel1.win32_1.0.0.202411081344/tools/bin/../lib/gcc/arm-none-eabi/13.3.1/../../../../arm-none-eabi/lib/thumb/v7e-m+fp/hard\libc_nano.a(libc_a-findfp.o) (_fwalk_sglue)
C:/ST/STM32CubeIDE_1.19.0/STM32CubeIDE/plugins/com.st.stm32cube.ide.mcu.externaltools.gnu-tools-for-stm32.13.3.rel1.win32_1.0.0.202411081344/tools/bin/../lib/gcc/arm-none-eabi/13.3.1/../../../../arm-none-eabi/lib/thumb/v7e-m+fp/hard\libc_nano.a(libc_a-stdio.o)
                              C:/ST/STM32CubeIDE_1.19.0/STM32CubeIDE/plugins/com.st.stm32cube.ide.mcu.externaltools.gnu-tools-for-stm32.13.3.rel1.win32_1.0.0.202411081344/tools/bin/../lib/gcc/arm-none-eabi/13.3.1/../../../../arm-none-eabi/lib/thumb/v7e-m+fp/hard\libc_nano.a(libc_a-findfp.o) (__sread)
C:/ST/STM32CubeIDE_1.19.0/STM32CubeIDE/plugins/com.st.stm32cube.ide.mcu.externaltools.gnu-tools-for-stm32.13.3.rel1.win32_1.0.0.202411081344/tools/bin/../lib/gcc/arm-none-eabi/13.3.1/../../../../arm-none-eabi/lib/thumb/v7e-m+fp/hard\libc_nano.a(libc_a-memset.o)
                              C:/ST/STM32CubeIDE_1.19.0/STM32CubeIDE/plugins/com.st.stm32cube.ide.mcu.externaltools.gnu-tools-for-stm32.13.3.rel1.win32_1.0.0.202411081344/tools/bin/../lib/gcc/arm-none-eabi/13.3.1/../../../../arm-none-eabi/lib/thumb/v7e-m+fp/hard/crt0.o (memset)
C:/ST/STM32CubeIDE_1.19.0/STM32CubeIDE/plugins/com.st.stm32cube.ide.mcu.externaltools.gnu-tools-for-stm32.13.3.rel1.win32_1.0.0.202411081344/tools/bin/../lib/gcc/arm-none-eabi/13.3.1/../../../../arm-none-eabi/lib/thumb/v7e-m+fp/hard\libc_nano.a(libc_a-closer.o)
                              C:/ST/STM32CubeIDE_1.19.0/STM32CubeIDE/plugins/com.st.stm32cube.ide.mcu.externaltools.gnu-tools-for-stm32.13.3.rel1.win32_1.0.0.202411081344/tools/bin/../lib/gcc/arm-none-eabi/13.3.1/../../../../arm-none-eabi/lib/thumb/v7e-m+fp/hard\libc_nano.a(libc_a-stdio.o) (_close_r)
[...]
Memory Configuration

Name             Origin             Length             Attributes
RAM              0x20000000         0x00020000         xrw
FLASH            0x08000000         0x00080000         xr
*default*        0x00000000         0xffffffff

Linker script and memory map

LOAD C:/ST/STM32CubeIDE_1.19.0/STM32CubeIDE/plugins/com.st.stm32cube.ide.mcu.externaltools.gnu-tools-for-stm32.13.3.rel1.win32_1.0.0.202411081344/tools/bin/../lib/gcc/arm-none-eabi/13.3.1/thumb/v7e-m+fp/hard/crti.o
LOAD C:/ST/STM32CubeIDE_1.19.0/STM32CubeIDE/plugins/com.st.stm32cube.ide.mcu.externaltools.gnu-tools-for-stm32.13.3.rel1.win32_1.0.0.202411081344/tools/bin/../lib/gcc/arm-none-eabi/13.3.1/thumb/v7e-m+fp/hard/crtbegin.o
LOAD C:/ST/STM32CubeIDE_1.19.0/STM32CubeIDE/plugins/com.st.stm32cube.ide.mcu.externaltools.gnu-tools-for-stm32.13.3.rel1.win32_1.0.0.202411081344/tools/bin/../lib/gcc/arm-none-eabi/13.3.1/../../../../arm-none-eabi/lib/thumb/v7e-m+fp/hard/crt0.o
LOAD ./Core/Src/command.o
LOAD ./Core/Src/emote.o
LOAD ./Core/Src/emotePlayer.o
LOAD ./Core/Src/main.o
LOAD ./Core/Src/servo.o
LOAD ./Core/Src/stm32f4xx_hal_msp.o
LOAD ./Core/Src/stm32f4xx_it.o
LOAD ./Core/Src/syscalls.o
LOAD ./Core/Src/sysmem.o
LOAD ./Core/Src/system_stm32f4xx.o
LOAD ./Core/Src/usercode.o
LOAD ./Core/Startup/startup_stm32f446retx.o
LOAD ./Drivers/STM32F4xx_HAL_Driver/Src/stm32f4xx_hal.o
LOAD ./Drivers/STM32F4xx_HAL_Driver/Src/stm32f4xx_hal_adc.o
LOAD ./Drivers/STM32F4xx_HAL_Driver/Src/stm32f4xx_hal_adc_ex.o
LOAD ./Drivers/STM32F4xx_HAL_Driver/Src/stm32f4xx_hal_cortex.o
LOAD ./Drivers/STM32F4xx_HAL_Driver/Src/stm32f4xx_hal_dma.o
LOAD ./Drivers/STM32F4xx_HAL_Driver/Src/stm32f4xx_hal_dma_ex.o
LOAD ./Drivers/STM32F4xx_HAL_Driver/Src/stm32f4xx_hal_exti.o
LOAD ./Drivers/STM32F4xx_HAL_Driver/Src/stm32f4xx_hal_flash.o
LOAD ./Drivers/STM32F4xx_HAL_Driver/Src/stm32f4xx_hal_flash_ex.o
LOAD ./Drivers/STM32F4xx_HAL_Driver/Src/stm32f4xx_hal_flash_ramfunc.o
LOAD ./Drivers/STM32F4xx_HAL_Driver/Src/stm32f4xx_hal_gpio.o
LOAD ./Drivers/STM32F4xx_HAL_Driver/Src/stm32f4xx_hal_pwr.o
LOAD ./Drivers/STM32F4xx_HAL_Driver/Src/stm32f4xx_hal_pwr_ex.o
LOAD ./Drivers/STM32F4xx_HAL_Driver/Src/stm32f4xx_hal_rcc.o
LOAD ./Drivers/STM32F4xx_HAL_Driver/Src/stm32f4xx_hal_rcc_ex.o
LOAD ./Drivers/STM32F4xx_HAL_Driver/Src/stm32f4xx_hal_tim.o
LOAD ./Drivers/STM32F4xx_HAL_Driver/Src/stm32f4xx_hal_tim_ex.o
LOAD ./Drivers/STM32F4xx_HAL_Driver/Src/stm32f4xx_hal_uart.o
LOAD ./Drivers/STM32F4xx_HAL_Driver/Src/stm32f4xx_ll_adc.o
START GROUP
LOAD C:/ST/STM32CubeIDE_1.19.0/STM32CubeIDE/plugins/com.st.stm32cube.ide.mcu.externaltools.gnu-tools-for-stm32.13.3.rel1.win32_1.0.0.202411081344/tools/bin/../lib/gcc/arm-none-eabi/13.3.1/../../../../arm-none-eabi/lib/thumb/v7e-m+fp/hard\libc_nano.a
LOAD C:/ST/STM32CubeIDE_1.19.0/STM32CubeIDE/plugins/com.st.stm32cube.ide.mcu.externaltools.gnu-tools-for-stm32.13.3.rel1.win32_1.0.0.202411081344/tools/bin/../lib/gcc/arm-none-eabi/13.3.1/../../../../arm-none-eabi/lib/thumb/v7e-m+fp/hard\libm.a
END GROUP
START GROUP
LOAD C:/ST/STM32CubeIDE_1.19.0/STM32CubeIDE/plugins/com.st.stm32cube.ide.mcu.externaltools.gnu-tools-for-stm32.13.3.rel1.win32_1.0.0.202411081344/tools/bin/../lib/gcc/arm-none-eabi/13.3.1/thumb/v7e-m+fp/hard\libgcc.a
LOAD C:/ST/STM32CubeIDE_1.19.0/STM32CubeIDE/plugins/com.st.stm32cube.ide.mcu.externaltools.gnu-tools-for-stm32.13.3.rel1.win32_1.0.0.202411081344/tools/bin/../lib/gcc/arm-none-eabi/13.3.1/../../../../arm-none-eabi/lib/thumb/v7e-m+fp/hard\libc_nano.a
END GROUP
START GROUP
LOAD C:/ST/STM32CubeIDE_1.19.0/STM32CubeIDE/plugins/com.st.stm32cube.ide.mcu.externaltools.gnu-tools-for-stm32.13.3.rel1.win32_1.0.0.202411081344/tools/bin/../lib/gcc/arm-none-eabi/13.3.1/thumb/v7e-m+fp/hard\libgcc.a
LOAD C:/ST/STM32CubeIDE_1.19.0/STM32CubeIDE/plugins/com.st.stm32cube.ide.mcu.externaltools.gnu-tools-for-stm32.13.3.rel1.win32_1.0.0.202411081344/tools/bin/../lib/gcc/arm-none-eabi/13.3.1/../../../../arm-none-eabi/lib/thumb/v7e-m+fp/hard\libc_nano.a
LOAD C:/ST/STM32CubeIDE_1.19.0/STM32CubeIDE/plugins/com.st.stm32cube.ide.mcu.externaltools.gnu-tools-for-stm32.13.3.rel1.win32_1.0.0.202411081344/tools/bin/../lib/gcc/arm-none-eabi/13.3.1/../../../../arm-none-eabi/lib/thumb/v7e-m+fp/hard\libnosys.a
END GROUP
START GROUP
LOAD C:/ST/STM32CubeIDE_1.19.0/STM32CubeIDE/plugins/com.st.stm32cube.ide.mcu.externaltools.gnu-tools-for-stm32.13.3.rel1.win32_1.0.0.202411081344/tools/bin/../lib/gcc/arm-none-eabi/13.3.1/thumb/v7e-m+fp/hard\libgcc.a
LOAD C:/ST/STM32CubeIDE_1.19.0/STM32CubeIDE/plugins/com.st.stm32cube.ide.mcu.externaltools.gnu-tools-for-stm32.13.3.rel1.win32_1.0.0.202411081344/tools/bin/../lib/gcc/arm-none-eabi/13.3.1/../../../../arm-none-eabi/lib/thumb/v7e-m+fp/hard\libc_nano.a
LOAD C:/ST/STM32CubeIDE_1.19.0/STM32CubeIDE/plugins/com.st.stm32cube.ide.mcu.externaltools.gnu-tools-for-stm32.13.3.rel1.win32_1.0.0.202411081344/tools/bin/../lib/gcc/arm-none-eabi/13.3.1/../../../../arm-none-eabi/lib/thumb/v7e-m+fp/hard\libnosys.a
END GROUP
LOAD C:/ST/STM32CubeIDE_1.19.0/STM32CubeIDE/plugins/com.st.stm32cube.ide.mcu.externaltools.gnu-tools-for-stm32.13.3.rel1.win32_1.0.0.202411081344/tools/bin/../lib/gcc/arm-none-eabi/13.3.1/thumb/v7e-m+fp/hard/crtend.o
LOAD C:/ST/STM32CubeIDE_1.19.0/STM32CubeIDE/plugins/com.st.stm32cube.ide.mcu.externaltools.gnu-tools-for-stm32.13.3.rel1.win32_1.0.0.202411081344/tools/bin/../lib/gcc/arm-none-eabi/13.3.1/thumb/v7e-m+fp/hard/crtn.o
                0x20020000                        _estack = (ORIGIN (RAM) + LENGTH (RAM))
                0x00000200                        _Min_Heap_Size = 0x200
                0x00000400                        _Min_Stack_Size = 0x400

.isr_vector     0x08000000      0x1c4
                0x08000000                        . = ALIGN (0x4)
 *(.isr_vector)
 .isr_vector    0x08000000      0x1c4 ./Core/Startup/startup_stm32f446retx.o
                0x08000000                g_pfnVectors
                0x080001c4                        . = ALIGN (0x4)

.text           0x080001c4     0x4d08
                0x080001c4                        . = ALIGN (0x4)
 *(.text)
 .text          0x080001c4       0x40 C:/ST/STM32CubeIDE_1.19.0/STM32CubeIDE/plugins/com.st.stm32cube.ide.mcu.externaltools.gnu-tools-for-stm32.13.3.rel1.win32_1.0.0.202411081344/tools/bin/../lib/gcc/arm-none-eabi/13.3.1/thumb/v7e-m+fp/hard/crtbegin.o
 .text          0x08000204       0x30 C:/ST/STM32CubeIDE_1.19.0/STM32CubeIDE/plugins/com.st.stm32cube.ide.mcu.externaltools.gnu-tools-for-stm32.13.3.rel1.win32_1.0.0.202411081344/tools/bin/../lib/gcc/arm-none-eabi/13.3.1/thumb/v7e-m+fp/hard\libgcc.a(_aeabi_uldivmod.o)
                0x08000204                __aeabi_uldivmod
 .text          0x08000234      0x2f8 C:/ST/STM32CubeIDE_1.19.0/STM32CubeIDE/plugins/com.st.stm32cube.ide.mcu.externaltools.gnu-tools-for-stm32.13.3.rel1.win32_1.0.0.202411081344/tools/bin/../lib/gcc/arm-none-eabi/13.3.1/thumb/v7e-m+fp/hard\libgcc.a(_udivmoddi4.o)
                0x08000234                __udivmoddi4
 .text          0x0800052c        0x4 C:/ST/STM32CubeIDE_1.19.0/STM32CubeIDE/plugins/com.st.stm32cube.ide.mcu.externaltools.gnu-tools-for-stm32.13.3.rel1.win32_1.0.0.202411081344/tools/bin/../lib/gcc/arm-none-eabi/13.3.1/thumb/v7e-m+fp/hard\libgcc.a(_dvmd_tls.o)
                0x0800052c                __aeabi_idiv0
                0x0800052c                __aeabi_ldiv0
 *(.text*)
 .text.InitHeaderCommand
                0x08000530       0x34 ./Core/Src/command.o
                0x08000530                InitHeaderCommand
 .text.InitStartCommand
                0x08000564       0x26 ./Core/Src/command.o
                0x08000564                InitStartCommand
 .text.InitFinishCommand
                0x0800058a       0x26 ./Core/Src/command.o
                0x0800058a                InitFinishCommand
 .text.InitSetAngleD1Command
                0x080005b0       0x36 ./Core/Src/command.o
                0x080005b0                InitSetAngleD1Command
 .text.InitWaitCommand
                0x080005e6       0x30 ./Core/Src/command.o
                0x080005e6                InitWaitCommand
 *fill*         0x08000616        0x2 
 .text.LoadBounceEmote
                0x08000618      0x3b4 ./Core/Src/emote.o
                0x08000618                LoadBounceEmote
 .text.LoadWaveEmote
                0x080009cc      0x284 ./Core/Src/emote.o
                0x080009cc                LoadWaveEmote
 .text.ResetEmoteTracks
                0x08000c50       0x78 ./Core/Src/emotePlayer.o
                0x08000c50                ResetEmoteTracks
 .text.InitEmotePlayer
                0x08000cc8       0xc4 ./Core/Src/emotePlayer.o
                0x08000cc8                InitEmotePlayer
 .text.getPlayerState
                0x08000d8c       0x18 ./Core/Src/emotePlayer.o
                0x08000d8c                getPlayerState
 .text.StartEmote
                0x08000da4       0x7c ./Core/Src/emotePlayer.o
                0x08000da4                StartEmote
 .text.HandleCommandHeader
                0x08000e20       0x40 ./Core/Src/emotePlayer.o
                0x08000e20                HandleCommandHeader
 .text.HandleCommandStart
                0x08000e60       0x30 ./Core/Src/emotePlayer.o
                0x08000e60                HandleCommandStart
 .text.HandleCommandFinish
                0x08000e90       0x1c ./Core/Src/emotePlayer.o
                0x08000e90                HandleCommandFinish
 .text.HandleCommandSetAngleD0
                0x08000eac       0x34 ./Core/Src/emotePlayer.o
                0x08000eac                HandleCommandSetAngleD0
 .text.HandleCommandSetAngleD1
                0x08000ee0       0x78 ./Core/Src/emotePlayer.o
                0x08000ee0                HandleCommandSetAngleD1
 .text.HandleCommandWait
                0x08000f58       0x8e ./Core/Src/emotePlayer.o
                0x08000f58                HandleCommandWait
 .text.HandleCommandSync
                0x08000fe6       0x16 ./Core/Src/emotePlayer.o
                0x08000fe6                HandleCommandSync
 .text.UpdateEmotePlayer
                0x08000ffc      0x148 ./Core/Src/emotePlayer.o
                0x08000ffc                UpdateEmotePlayer
 .text.main     0x08001144       0x4c ./Core/Src/main.o
                0x08001144                main
 .text.SystemClock_Config
                0x08001190       0xdc ./Core/Src/main.o
                0x08001190                SystemClock_Config
 .text.MX_ADC1_Init
                0x0800126c       0xa4 ./Core/Src/main.o
 .text.MX_TIM2_Init
                0x08001310      0x130 ./Core/Src/main.o
 .text.MX_USART2_UART_Init
                0x08001440       0x54 ./Core/Src/main.o
 .text.MX_GPIO_Init
                0x08001494       0xdc ./Core/Src/main.o
 .text.Error_Handler
                0x08001570        0xc ./Core/Src/main.o
                0x08001570                Error_Handler
 .text.InitServo
                0x0800157c       0xb8 ./Core/Src/servo.o
                0x0800157c                InitServo
 .text.SetServoAngleD0
                0x08001634      0x140 ./Core/Src/servo.o
                0x08001634                SetServoAngleD0
 .text.SetServoAngleD1
                0x08001774       0x80 ./Core/Src/servo.o
                0x08001774                SetServoAngleD1
 .text.UpdateServoPosition
                0x080017f4      0x128 ./Core/Src/servo.o
                0x080017f4                UpdateServoPosition
 .text.HAL_MspInit
                0x0800191c       0x50 ./Core/Src/stm32f4xx_hal_msp.o
                0x0800191c                HAL_MspInit
 .text.HAL_ADC_MspInit
                0x0800196c       0x88 ./Core/Src/stm32f4xx_hal_msp.o
                0x0800196c                HAL_ADC_MspInit
 .text.HAL_TIM_Base_MspInit
                0x080019f4       0x40 ./Core/Src/stm32f4xx_hal_msp.o
                0x080019f4                HAL_TIM_Base_MspInit
 .text.HAL_TIM_MspPostInit
                0x08001a34       0xb4 ./Core/Src/stm32f4xx_hal_msp.o
                0x08001a34                HAL_TIM_MspPostInit
 .text.HAL_UART_MspInit
                0x08001ae8       0x90 ./Core/Src/stm32f4xx_hal_msp.o
                0x08001ae8                HAL_UART_MspInit
 .text.NMI_Handler
                0x08001b78        0x8 ./Core/Src/stm32f4xx_it.o
                0x08001b78                NMI_Handler
 .text.HardFault_Handler
                0x08001b80        0x8 ./Core/Src/stm32f4xx_it.o
                0x08001b80                HardFault_Handler
 .text.MemManage_Handler
                0x08001b88        0x8 ./Core/Src/stm32f4xx_it.o
                0x08001b88                MemManage_Handler
 .text.BusFault_Handler
                0x08001b90        0x8 ./Core/Src/stm32f4xx_it.o
                0x08001b90                BusFault_Handler
 .text.UsageFault_Handler
                0x08001b98        0x8 ./Core/Src/stm32f4xx_it.o
                0x08001b98                UsageFault_Handler
 .text.SVC_Handler
                0x08001ba0        0xe ./Core/Src/stm32f4xx_it.o
                0x08001ba0                SVC_Handler
 .text.DebugMon_Handler
                0x08001bae        0xe ./Core/Src/stm32f4xx_it.o
                0x08001bae                DebugMon_Handler
 .text.PendSV_Handler
                0x08001bbc        0xe ./Core/Src/stm32f4xx_it.o
                0x08001bbc                PendSV_Handler
 .text.SysTick_Handler
                0x08001bca        0xc ./Core/Src/stm32f4xx_it.o
                0x08001bca                SysTick_Handler
 *fill*         0x08001bd6        0x2 
 .text._sbrk    0x08001bd8       0x6c ./Core/Src/sysmem.o
                0x08001bd8                _sbrk
 .text.SystemInit
                0x08001c44       0x24 ./Core/Src/system_stm32f4xx.o
                0x08001c44                SystemInit
 .text.InitHandlers
                0x08001c68       0x24 ./Core/Src/usercode.o
                0x08001c68                InitHandlers
 .text.InitServos
                0x08001c8c      0x158 ./Core/Src/usercode.o
                0x08001c8c                InitServos
 .text.InitEmoteplayer
                0x08001de4       0x70 ./Core/Src/usercode.o
                0x08001de4                InitEmoteplayer
 .text.UserLoop
                0x08001e54      0x180 ./Core/Src/usercode.o
                0x08001e54                UserLoop
 .text.Reset_Handler
                0x08001fd4       0x50 ./Core/Startup/startup_stm32f446retx.o
                0x08001fd4                Reset_Handler
 .text.Default_Handler
                0x08002024        0x2 ./Core/Startup/startup_stm32f446retx.o
                0x08002024                RTC_Alarm_IRQHandler
                0x08002024                EXTI2_IRQHandler
                0x08002024                TIM8_CC_IRQHandler
                0x08002024                FMPI2C1_EV_IRQHandler
                0x08002024                SPI4_IRQHandler
                0x08002024                TIM1_CC_IRQHandler
                0x08002024                DMA2_Stream5_IRQHandler
                0x08002024                DMA1_Stream5_IRQHandler
                0x08002024                PVD_IRQHandler
                0x08002024                SDIO_IRQHandler
                0x08002024                TAMP_STAMP_IRQHandler
                0x08002024                CAN2_RX1_IRQHandler
                0x08002024                EXTI3_IRQHandler
                0x08002024                TIM8_TRG_COM_TIM14_IRQHandler
                0x08002024                TIM1_UP_TIM10_IRQHandler
                0x08002024                TIM8_UP_TIM13_IRQHandler
                0x08002024                I2C3_ER_IRQHandler
                0x08002024                EXTI0_IRQHandler
                0x08002024                I2C2_EV_IRQHandler
                0x08002024                DMA1_Stream2_IRQHandler
                0x08002024                CAN1_RX0_IRQHandler
                0x08002024                FPU_IRQHandler
                0x08002024                OTG_HS_WKUP_IRQHandler
                0x08002024                CAN2_SCE_IRQHandler
                0x08002024                DMA2_Stream2_IRQHandler
                0x08002024                SPI1_IRQHandler
                0x08002024                TIM6_DAC_IRQHandler
                0x08002024                TIM1_BRK_TIM9_IRQHandler
                0x08002024                DCMI_IRQHandler
                0x08002024                CAN2_RX0_IRQHandler
                0x08002024                DMA2_Stream3_IRQHandler
                0x08002024                SAI2_IRQHandler
                0x08002024                USART6_IRQHandler
                0x08002024                USART3_IRQHandler
                0x08002024                CAN1_RX1_IRQHandler
                0x08002024                UART5_IRQHandler
                0x08002024                DMA2_Stream0_IRQHandler
                0x08002024                TIM4_IRQHandler
                0x08002024                QUADSPI_IRQHandler
                0x08002024                I2C1_EV_IRQHandler
                0x08002024                DMA1_Stream6_IRQHandler
                0x08002024                DMA1_Stream1_IRQHandler
                0x08002024                UART4_IRQHandler
                0x08002024                TIM3_IRQHandler
                0x08002024                RCC_IRQHandler
                0x08002024                TIM8_BRK_TIM12_IRQHandler
                0x08002024                Default_Handler
                0x08002024                CEC_IRQHandler
                0x08002024                EXTI15_10_IRQHandler
                0x08002024                ADC_IRQHandler
                0x08002024                DMA1_Stream7_IRQHandler
                0x08002024                TIM7_IRQHandler
                0x08002024                CAN2_TX_IRQHandler
                0x08002024                TIM5_IRQHandler
                0x08002024                DMA2_Stream7_IRQHandler
                0x08002024                I2C3_EV_IRQHandler
                0x08002024                EXTI9_5_IRQHandler
                0x08002024                RTC_WKUP_IRQHandler
                0x08002024                SPDIF_RX_IRQHandler
                0x08002024                SPI2_IRQHandler
                0x08002024                OTG_HS_EP1_IN_IRQHandler
                0x08002024                DMA1_Stream0_IRQHandler
                0x08002024                CAN1_TX_IRQHandler
                0x08002024                FMPI2C1_ER_IRQHandler
                0x08002024                EXTI4_IRQHandler
                0x08002024                OTG_HS_EP1_OUT_IRQHandler
                0x08002024                WWDG_IRQHandler
                0x08002024                TIM2_IRQHandler
                0x08002024                OTG_FS_WKUP_IRQHandler
                0x08002024                TIM1_TRG_COM_TIM11_IRQHandler
                0x08002024                OTG_HS_IRQHandler
                0x08002024                EXTI1_IRQHandler
                0x08002024                USART2_IRQHandler
                0x08002024                I2C2_ER_IRQHandler
                0x08002024                DMA2_Stream1_IRQHandler
                0x08002024                CAN1_SCE_IRQHandler
                0x08002024                FLASH_IRQHandler
                0x08002024                DMA2_Stream4_IRQHandler
                0x08002024                USART1_IRQHandler
                0x08002024                OTG_FS_IRQHandler
                0x08002024                SPI3_IRQHandler
                0x08002024                DMA1_Stream4_IRQHandler
                0x08002024                I2C1_ER_IRQHandler
                0x08002024                FMC_IRQHandler
                0x08002024                DMA2_Stream6_IRQHandler
                0x08002024                SAI1_IRQHandler
                0x08002024                DMA1_Stream3_IRQHandler
 *fill*         0x08002026        0x2 
 .text.HAL_Init
                0x08002028       0x44 ./Drivers/STM32F4xx_HAL_Driver/Src/stm32f4xx_hal.o
                0x08002028                HAL_Init
 .text.HAL_InitTick
                0x0800206c       0x60 ./Drivers/STM32F4xx_HAL_Driver/Src/stm32f4xx_hal.o
                0x0800206c                HAL_InitTick
 .text.HAL_IncTick
                0x080020cc       0x28 ./Drivers/STM32F4xx_HAL_Driver/Src/stm32f4xx_hal.o
                0x080020cc                HAL_IncTick
 .text.HAL_GetTick
                0x080020f4       0x18 ./Drivers/STM32F4xx_HAL_Driver/Src/stm32f4xx_hal.o
                0x080020f4                HAL_GetTick
 .text.HAL_Delay
                0x0800210c       0x48 ./Drivers/STM32F4xx_HAL_Driver/Src/stm32f4xx_hal.o
                0x0800210c                HAL_Delay
 .text.HAL_ADC_Init
                0x08002154       0x86 ./Drivers/STM32F4xx_HAL_Driver/Src/stm32f4xx_hal_adc.o
                0x08002154                HAL_ADC_Init
 *fill*         0x080021da        0x2 
 .text.HAL_ADC_Start
                0x080021dc      0x1a4 ./Drivers/STM32F4xx_HAL_Driver/Src/stm32f4xx_hal_adc.o
                0x080021dc                HAL_ADC_Start
 .text.HAL_ADC_PollForConversion
                0x08002380      0x116 ./Drivers/STM32F4xx_HAL_Driver/Src/stm32f4xx_hal_adc.o
                0x08002380                HAL_ADC_PollForConversion
 .text.HAL_ADC_GetValue
                0x08002496       0x1a ./Drivers/STM32F4xx_HAL_Driver/Src/stm32f4xx_hal_adc.o
                0x08002496                HAL_ADC_GetValue
 .text.HAL_ADC_ConfigChannel
                0x080024b0      0x264 ./Drivers/STM32F4xx_HAL_Driver/Src/stm32f4xx_hal_adc.o
                0x080024b0                HAL_ADC_ConfigChannel
 .text.ADC_Init
                0x08002714      0x1f8 ./Drivers/STM32F4xx_HAL_Driver/Src/stm32f4xx_hal_adc.o
 .text.__NVIC_SetPriorityGrouping
                0x0800290c       0x48 ./Drivers/STM32F4xx_HAL_Driver/Src/stm32f4xx_hal_cortex.o
 .text.__NVIC_GetPriorityGrouping
                0x08002954       0x1c ./Drivers/STM32F4xx_HAL_Driver/Src/stm32f4xx_hal_cortex.o
 .text.__NVIC_SetPriority
                0x08002970       0x54 ./Drivers/STM32F4xx_HAL_Driver/Src/stm32f4xx_hal_cortex.o
 .text.NVIC_EncodePriority
                0x080029c4       0x66 ./Drivers/STM32F4xx_HAL_Driver/Src/stm32f4xx_hal_cortex.o
 *fill*         0x08002a2a        0x2 
 .text.SysTick_Config
                0x08002a2c       0x44 ./Drivers/STM32F4xx_HAL_Driver/Src/stm32f4xx_hal_cortex.o
 .text.HAL_NVIC_SetPriorityGrouping
                0x08002a70       0x16 ./Drivers/STM32F4xx_HAL_Driver/Src/stm32f4xx_hal_cortex.o
                0x08002a70                HAL_NVIC_SetPriorityGrouping
 .text.HAL_NVIC_SetPriority
                0x08002a86       0x38 ./Drivers/STM32F4xx_HAL_Driver/Src/stm32f4xx_hal_cortex.o
                0x08002a86                HAL_NVIC_SetPriority
 .text.HAL_SYSTICK_Config
                0x08002abe       0x18 ./Drivers/STM32F4xx_HAL_Driver/Src/stm32f4xx_hal_cortex.o
                0x08002abe                HAL_SYSTICK_Config
 *fill*         0x08002ad6        0x2 
 .text.HAL_GPIO_Init
                0x08002ad8      0x328 ./Drivers/STM32F4xx_HAL_Driver/Src/stm32f4xx_hal_gpio.o
                0x08002ad8                HAL_GPIO_Init
 .text.HAL_GPIO_WritePin
                0x08002e00       0x32 ./Drivers/STM32F4xx_HAL_Driver/Src/stm32f4xx_hal_gpio.o
                0x08002e00                HAL_GPIO_WritePin
 *fill*         0x08002e32        0x2 
 .text.HAL_RCC_ClockConfig
                0x08002e34      0x1cc ./Drivers/STM32F4xx_HAL_Driver/Src/stm32f4xx_hal_rcc.o
                0x08002e34                HAL_RCC_ClockConfig
 .text.HAL_RCC_GetHCLKFreq
                0x08003000       0x18 ./Drivers/STM32F4xx_HAL_Driver/Src/stm32f4xx_hal_rcc.o
                0x08003000                HAL_RCC_GetHCLKFreq
 .text.HAL_RCC_GetPCLK1Freq
                0x08003018       0x28 ./Drivers/STM32F4xx_HAL_Driver/Src/stm32f4xx_hal_rcc.o
                0x08003018                HAL_RCC_GetPCLK1Freq
 .text.HAL_RCC_GetPCLK2Freq
                0x08003040       0x28 ./Drivers/STM32F4xx_HAL_Driver/Src/stm32f4xx_hal_rcc.o
                0x08003040                HAL_RCC_GetPCLK2Freq
 .text.HAL_RCC_GetSysClockFreq
                0x08003068      0x460 ./Drivers/STM32F4xx_HAL_Driver/Src/stm32f4xx_hal_rcc_ex.o
                0x08003068                HAL_RCC_GetSysClockFreq
 .text.HAL_RCC_OscConfig
                0x080034c8      0x53c ./Drivers/STM32F4xx_HAL_Driver/Src/stm32f4xx_hal_rcc_ex.o
                0x080034c8                HAL_RCC_OscConfig
 .text.HAL_TIM_Base_Init
                0x08003a04       0x9e ./Drivers/STM32F4xx_HAL_Driver/Src/stm32f4xx_hal_tim.o
                0x08003a04                HAL_TIM_Base_Init
 .text.HAL_TIM_PWM_Init
                0x08003aa2       0x9e ./Drivers/STM32F4xx_HAL_Driver/Src/stm32f4xx_hal_tim.o
                0x08003aa2                HAL_TIM_PWM_Init
 .text.HAL_TIM_PWM_MspInit
                0x08003b40       0x14 ./Drivers/STM32F4xx_HAL_Driver/Src/stm32f4xx_hal_tim.o
                0x08003b40                HAL_TIM_PWM_MspInit
 .text.HAL_TIM_PWM_Start
                0x08003b54      0x190 ./Drivers/STM32F4xx_HAL_Driver/Src/stm32f4xx_hal_tim.o
                0x08003b54                HAL_TIM_PWM_Start
 .text.HAL_TIM_PWM_ConfigChannel
                0x08003ce4      0x184 ./Drivers/STM32F4xx_HAL_Driver/Src/stm32f4xx_hal_tim.o
                0x08003ce4                HAL_TIM_PWM_ConfigChannel
 .text.HAL_TIM_ConfigClockSource
                0x08003e68      0x18e ./Drivers/STM32F4xx_HAL_Driver/Src/stm32f4xx_hal_tim.o
                0x08003e68                HAL_TIM_ConfigClockSource
 *fill*         0x08003ff6        0x2 
 .text.TIM_Base_SetConfig
                0x08003ff8      0x14c ./Drivers/STM32F4xx_HAL_Driver/Src/stm32f4xx_hal_tim.o
                0x08003ff8                TIM_Base_SetConfig
 .text.TIM_OC1_SetConfig
                0x08004144       0xe0 ./Drivers/STM32F4xx_HAL_Driver/Src/stm32f4xx_hal_tim.o
 .text.TIM_OC2_SetConfig
                0x08004224       0xec ./Drivers/STM32F4xx_HAL_Driver/Src/stm32f4xx_hal_tim.o
                0x08004224                TIM_OC2_SetConfig
 .text.TIM_OC3_SetConfig
                0x08004310       0xe8 ./Drivers/STM32F4xx_HAL_Driver/Src/stm32f4xx_hal_tim.o
 .text.TIM_OC4_SetConfig
                0x080043f8       0xac ./Drivers/STM32F4xx_HAL_Driver/Src/stm32f4xx_hal_tim.o
 .text.TIM_TI1_ConfigInputStage
                0x080044a4       0x5e ./Drivers/STM32F4xx_HAL_Driver/Src/stm32f4xx_hal_tim.o
 .text.TIM_TI2_ConfigInputStage
                0x08004502       0x60 ./Drivers/STM32F4xx_HAL_Driver/Src/stm32f4xx_hal_tim.o
 .text.TIM_ITRx_SetConfig
                0x08004562       0x36 ./Drivers/STM32F4xx_HAL_Driver/Src/stm32f4xx_hal_tim.o
 .text.TIM_ETR_SetConfig
                0x08004598       0x40 ./Drivers/STM32F4xx_HAL_Driver/Src/stm32f4xx_hal_tim.o
                0x08004598                TIM_ETR_SetConfig
 .text.TIM_CCxChannelCmd
                0x080045d8       0x4a ./Drivers/STM32F4xx_HAL_Driver/Src/stm32f4xx_hal_tim.o
                0x080045d8                TIM_CCxChannelCmd
 *fill*         0x08004622        0x2 
 .text.HAL_TIMEx_MasterConfigSynchronization
                0x08004624       0xf8 ./Drivers/STM32F4xx_HAL_Driver/Src/stm32f4xx_hal_tim_ex.o
                0x08004624                HAL_TIMEx_MasterConfigSynchronization
 .text.HAL_UART_Init
                0x0800471c       0xa0 ./Drivers/STM32F4xx_HAL_Driver/Src/stm32f4xx_hal_uart.o
                0x0800471c                HAL_UART_Init
 .text.UART_SetConfig
                0x080047bc      0x4e8 ./Drivers/STM32F4xx_HAL_Driver/Src/stm32f4xx_hal_uart.o
 .text.malloc   0x08004ca4       0x10 C:/ST/STM32CubeIDE_1.19.0/STM32CubeIDE/plugins/com.st.stm32cube.ide.mcu.externaltools.gnu-tools-for-stm32.13.3.rel1.win32_1.0.0.202411081344/tools/bin/../lib/gcc/arm-none-eabi/13.3.1/../../../../arm-none-eabi/lib/thumb/v7e-m+fp/hard\libc_nano.a(libc_a-malloc.o)
                0x08004ca4                malloc
 .text.sbrk_aligned
                0x08004cb4       0x44 C:/ST/STM32CubeIDE_1.19.0/STM32CubeIDE/plugins/com.st.stm32cube.ide.mcu.externaltools.gnu-tools-for-stm32.13.3.rel1.win32_1.0.0.202411081344/tools/bin/../lib/gcc/arm-none-eabi/13.3.1/../../../../arm-none-eabi/lib/thumb/v7e-m+fp/hard\libc_nano.a(libc_a-mallocr.o)
 .text._malloc_r
                0x08004cf8      0x100 C:/ST/STM32CubeIDE_1.19.0/STM32CubeIDE/plugins/com.st.stm32cube.ide.mcu.externaltools.gnu-tools-for-stm32.13.3.rel1.win32_1.0.0.202411081344/tools/bin/../lib/gcc/arm-none-eabi/13.3.1/../../../../arm-none-eabi/lib/thumb/v7e-m+fp/hard\libc_nano.a(libc_a-mallocr.o)
                0x08004cf8                _malloc_r
 .text.__malloc_lock
                0x08004df8        0xc C:/ST/STM32CubeIDE_1.19.0/STM32CubeIDE/plugins/com.st.stm32cube.ide.mcu.externaltools.gnu-tools-for-stm32.13.3.rel1.win32_1.0.0.202411081344/tools/bin/../lib/gcc/arm-none-eabi/13.3.1/../../../../arm-none-eabi/lib/thumb/v7e-m+fp/hard\libc_nano.a(libc_a-mlock.o)
                0x08004df8                __malloc_lock
 .text.__malloc_unlock
                0x08004e04        0xc C:/ST/STM32CubeIDE_1.19.0/STM32CubeIDE/plugins/com.st.stm32cube.ide.mcu.externaltools.gnu-tools-for-stm32.13.3.rel1.win32_1.0.0.202411081344/tools/bin/../lib/gcc/arm-none-eabi/13.3.1/../../../../arm-none-eabi/lib/thumb/v7e-m+fp/hard\libc_nano.a(libc_a-mlock.o)
                0x08004e04                __malloc_unlock
 .text.memset   0x08004e10       0x10 C:/ST/STM32CubeIDE_1.19.0/STM32CubeIDE/plugins/com.st.stm32cube.ide.mcu.externaltools.gnu-tools-for-stm32.13.3.rel1.win32_1.0.0.202411081344/tools/bin/../lib/gcc/arm-none-eabi/13.3.1/../../../../arm-none-eabi/lib/thumb/v7e-m+fp/hard\libc_nano.a(libc_a-memset.o)
                0x08004e10                memset
 .text._sbrk_r  0x08004e20       0x20 C:/ST/STM32CubeIDE_1.19.0/STM32CubeIDE/plugins/com.st.stm32cube.ide.mcu.externaltools.gnu-tools-for-stm32.13.3.rel1.win32_1.0.0.202411081344/tools/bin/../lib/gcc/arm-none-eabi/13.3.1/../../../../arm-none-eabi/lib/thumb/v7e-m+fp/hard\libc_nano.a(libc_a-sbrkr.o)
                0x08004e20                _sbrk_r
 .text.__errno  0x08004e40        0xc C:/ST/STM32CubeIDE_1.19.0/STM32CubeIDE/plugins/com.st.stm32cube.ide.mcu.externaltools.gnu-tools-for-stm32.13.3.rel1.win32_1.0.0.202411081344/tools/bin/../lib/gcc/arm-none-eabi/13.3.1/../../../../arm-none-eabi/lib/thumb/v7e-m+fp/hard\libc_nano.a(libc_a-errno.o)
                0x08004e40                __errno
 .text.__libc_init_array
                0x08004e4c       0x48 C:/ST/STM32CubeIDE_1.19.0/STM32CubeIDE/plugins/com.st.stm32cube.ide.mcu.externaltools.gnu-tools-for-stm32.13.3.rel1.win32_1.0.0.202411081344/tools/bin/../lib/gcc/arm-none-eabi/13.3.1/../../../../arm-none-eabi/lib/thumb/v7e-m+fp/hard\libc_nano.a(libc_a-init.o)
                0x08004e4c                __libc_init_array
 .text.__retarget_lock_acquire_recursive
                0x08004e94        0x2 C:/ST/STM32CubeIDE_1.19.0/STM32CubeIDE/plugins/com.st.stm32cube.ide.mcu.externaltools.gnu-tools-for-stm32.13.3.rel1.win32_1.0.0.202411081344/tools/bin/../lib/gcc/arm-none-eabi/13.3.1/../../../../arm-none-eabi/lib/thumb/v7e-m+fp/hard\libc_nano.a(libc_a-lock.o)
                0x08004e94                __retarget_lock_acquire_recursive
 .text.__retarget_lock_release_recursive
                0x08004e96        0x2 C:/ST/STM32CubeIDE_1.19.0/STM32CubeIDE/plugins/com.st.stm32cube.ide.mcu.externaltools.gnu-tools-for-stm32.13.3.rel1.win32_1.0.0.202411081344/tools/bin/../lib/gcc/arm-none-eabi/13.3.1/../../../../arm-none-eabi/lib/thumb/v7e-m+fp/hard\libc_nano.a(libc_a-lock.o)
                0x08004e96                __retarget_lock_release_recursive
 .text.memcpy   0x08004e98       0x1c C:/ST/STM32CubeIDE_1.19.0/STM32CubeIDE/plugins/com.st.stm32cube.ide.mcu.externaltools.gnu-tools-for-stm32.13.3.rel1.win32_1.0.0.202411081344/tools/bin/../lib/gcc/arm-none-eabi/13.3.1/../../../../arm-none-eabi/lib/thumb/v7e-m+fp/hard\libc_nano.a(libc_a-memcpy-stub.o)
                0x08004e98                memcpy
 *(.glue_7)
 .glue_7        0x08004eb4        0x0 linker stubs
 *(.glue_7t)
 .glue_7t       0x08004eb4        0x0 linker stubs
 *(.eh_frame)
 .eh_frame      0x08004eb4        0x0 C:/ST/STM32CubeIDE_1.19.0/STM32CubeIDE/plugins/com.st.stm32cube.ide.mcu.externaltools.gnu-tools-for-stm32.13.3.rel1.win32_1.0.0.202411081344/tools/bin/../lib/gcc/arm-none-eabi/13.3.1/thumb/v7e-m+fp/hard/crtbegin.o
 *(.init)
 .init          0x08004eb4        0x4 C:/ST/STM32CubeIDE_1.19.0/STM32CubeIDE/plugins/com.st.stm32cube.ide.mcu.externaltools.gnu-tools-for-stm32.13.3.rel1.win32_1.0.0.202411081344/tools/bin/../lib/gcc/arm-none-eabi/13.3.1/thumb/v7e-m+fp/hard/crti.o
                0x08004eb4                _init
 .init          0x08004eb8        0x8 C:/ST/STM32CubeIDE_1.19.0/STM32CubeIDE/plugins/com.st.stm32cube.ide.mcu.externaltools.gnu-tools-for-stm32.13.3.rel1.win32_1.0.0.202411081344/tools/bin/../lib/gcc/arm-none-eabi/13.3.1/thumb/v7e-m+fp/hard/crtn.o
 *(.fini)
 .fini          0x08004ec0        0x4 C:/ST/STM32CubeIDE_1.19.0/STM32CubeIDE/plugins/com.st.stm32cube.ide.mcu.externaltools.gnu-tools-for-stm32.13.3.rel1.win32_1.0.0.202411081344/tools/bin/../lib/gcc/arm-none-eabi/13.3.1/thumb/v7e-m+fp/hard/crti.o
                0x08004ec0                _fini
 .fini          0x08004ec4        0x8 C:/ST/STM32CubeIDE_1.19.0/STM32CubeIDE/plugins/com.st.stm32cube.ide.mcu.externaltools.gnu-tools-for-stm32.13.3.rel1.win32_1.0.0.202411081344/tools/bin/../lib/gcc/arm-none-eabi/13.3.1/thumb/v7e-m+fp/hard/crtn.o
                0x08004ecc                        . = ALIGN (0x4)
                0x08004ecc                        _etext = .

.vfp11_veneer   0x08004ecc        0x0
 .vfp11_veneer  0x08004ecc        0x0 linker stubs

.v4_bx          0x08004ecc        0x0
 .v4_bx         0x08004ecc        0x0 linker stubs

.iplt           0x08004ecc        0x0
 .iplt          0x08004ecc        0x0 C:/ST/STM32CubeIDE_1.19.0/STM32CubeIDE/plugins/com.st.stm32cube.ide.mcu.externaltools.gnu-tools-for-stm32.13.3.rel1.win32_1.0.0.202411081344/tools/bin/../lib/gcc/arm-none-eabi/13.3.1/thumb/v7e-m+fp/hard/crtbegin.o

.rodata         0x08004ecc       0x24
                0x08004ecc                        . = ALIGN (0x4)
 *(.rodata)
 .rodata        0x08004ecc        0xc ./Core/Src/main.o
 *(.rodata*)
 .rodata.AHBPrescTable
                0x08004ed8       0x10 ./Core/Src/system_stm32f4xx.o
                0x08004ed8                AHBPrescTable
 .rodata.APBPrescTable
                0x08004ee8        0x8 ./Core/Src/system_stm32f4xx.o
                0x08004ee8                APBPrescTable
                0x08004ef0                        . = ALIGN (0x4)

.ARM.extab      0x08004ef0        0x0
                0x08004ef0                        . = ALIGN (0x4)
 *(.ARM.extab* .gnu.linkonce.armextab.*)
                0x08004ef0                        . = ALIGN (0x4)

.ARM            0x08004ef0        0x8
                0x08004ef0                        . = ALIGN (0x4)
                0x08004ef0                        __exidx_start = .
 *(.ARM.exidx*)
 .ARM.exidx     0x08004ef0        0x8 C:/ST/STM32CubeIDE_1.19.0/STM32CubeIDE/plugins/com.st.stm32cube.ide.mcu.externaltools.gnu-tools-for-stm32.13.3.rel1.win32_1.0.0.202411081344/tools/bin/../lib/gcc/arm-none-eabi/13.3.1/thumb/v7e-m+fp/hard\libgcc.a(_udivmoddi4.o)
                0x08004ef8                        __exidx_end = .
                0x08004ef8                        . = ALIGN (0x4)

.preinit_array  0x08004ef8        0x0
                0x08004ef8                        . = ALIGN (0x4)
                0x08004ef8                        PROVIDE (__preinit_array_start = .)
 *(.preinit_array*)
                0x08004ef8                        PROVIDE (__preinit_array_end = .)
                0x08004ef8                        . = ALIGN (0x4)

.init_array     0x08004ef8        0x4
                0x08004ef8                        . = ALIGN (0x4)
                0x08004ef8                        PROVIDE (__init_array_start = .)
 *(SORT_BY_NAME(.init_array.*))
 *(.init_array*)
 .init_array    0x08004ef8        0x4 C:/ST/STM32CubeIDE_1.19.0/STM32CubeIDE/plugins/com.st.stm32cube.ide.mcu.externaltools.gnu-tools-for-stm32.13.3.rel1.win32_1.0.0.202411081344/tools/bin/../lib/gcc/arm-none-eabi/13.3.1/thumb/v7e-m+fp/hard/crtbegin.o
                0x08004efc                        PROVIDE (__init_array_end = .)
                0x08004efc                        . = ALIGN (0x4)

.fini_array     0x08004efc        0x4
                0x08004efc                        . = ALIGN (0x4)
                [!provide]                        PROVIDE (__fini_array_start = .)
 *(SORT_BY_NAME(.fini_array.*))
 *(.fini_array*)
 .fini_array    0x08004efc        0x4 C:/ST/STM32CubeIDE_1.19.0/STM32CubeIDE/plugins/com.st.stm32cube.ide.mcu.externaltools.gnu-tools-for-stm32.13.3.rel1.win32_1.0.0.202411081344/tools/bin/../lib/gcc/arm-none-eabi/13.3.1/thumb/v7e-m+fp/hard/crtbegin.o
                [!provide]                        PROVIDE (__fini_array_end = .)
                0x08004f00                        . = ALIGN (0x4)
                0x08004f00                        _sidata = LOADADDR (.data)

.rel.dyn        0x08004f00        0x0
 .rel.iplt      0x08004f00        0x0 C:/ST/STM32CubeIDE_1.19.0/STM32CubeIDE/plugins/com.st.stm32cube.ide.mcu.externaltools.gnu-tools-for-stm32.13.3.rel1.win32_1.0.0.202411081344/tools/bin/../lib/gcc/arm-none-eabi/13.3.1/thumb/v7e-m+fp/hard/crtbegin.o

.data           0x20000000       0x5c load address 0x08004f00
                0x20000000                        . = ALIGN (0x4)
                0x20000000                        _sdata = .
 *(.data)
 *(.data*)
 .data.SystemCoreClock
                0x20000000        0x4 ./Core/Src/system_stm32f4xx.o
                0x20000000                SystemCoreClock
 .data.uwTickPrio
                0x20000004        0x4 ./Drivers/STM32F4xx_HAL_Driver/Src/stm32f4xx_hal.o
                0x20000004                uwTickPrio
 .data.uwTickFreq
                0x20000008        0x1 ./Drivers/STM32F4xx_HAL_Driver/Src/stm32f4xx_hal.o
                0x20000008                uwTickFreq
 *fill*         0x20000009        0x3 
 .data._impure_ptr
                0x2000000c        0x4 C:/ST/STM32CubeIDE_1.19.0/STM32CubeIDE/plugins/com.st.stm32cube.ide.mcu.externaltools.gnu-tools-for-stm32.13.3.rel1.win32_1.0.0.202411081344/tools/bin/../lib/gcc/arm-none-eabi/13.3.1/../../../../arm-none-eabi/lib/thumb/v7e-m+fp/hard\libc_nano.a(libc_a-impure.o)
                0x2000000c                _impure_ptr
 .data._impure_data
                0x20000010       0x4c C:/ST/STM32CubeIDE_1.19.0/STM32CubeIDE/plugins/com.st.stm32cube.ide.mcu.externaltools.gnu-tools-for-stm32.13.3.rel1.win32_1.0.0.202411081344/tools/bin/../lib/gcc/arm-none-eabi/13.3.1/../../../../arm-none-eabi/lib/thumb/v7e-m+fp/hard\libc_nano.a(libc_a-impure.o)
                0x20000010                _impure_data
 *(.RamFunc)
 *(.RamFunc*)
                0x2000005c                        . = ALIGN (0x4)
                0x2000005c                        _edata = .

.igot.plt       0x2000005c        0x0 load address 0x08004f5c
 .igot.plt      0x2000005c        0x0 C:/ST/STM32CubeIDE_1.19.0/STM32CubeIDE/plugins/com.st.stm32cube.ide.mcu.externaltools.gnu-tools-for-stm32.13.3.rel1.win32_1.0.0.202411081344/tools/bin/../lib/gcc/arm-none-eabi/13.3.1/thumb/v7e-m+fp/hard/crtbegin.o
                0x2000005c                        . = ALIGN (0x4)

.bss            0x2000005c      0x2a4 load address 0x08004f5c
                0x2000005c                        _sbss = .
                0x2000005c                        __bss_start__ = _sbss
 *(.bss)
 .bss           0x2000005c       0x1c C:/ST/STM32CubeIDE_1.19.0/STM32CubeIDE/plugins/com.st.stm32cube.ide.mcu.externaltools.gnu-tools-for-stm32.13.3.rel1.win32_1.0.0.202411081344/tools/bin/../lib/gcc/arm-none-eabi/13.3.1/thumb/v7e-m+fp/hard/crtbegin.o
 *(.bss*)
 .bss.servoCount
                0x20000078        0x4 ./Core/Src/emotePlayer.o
 .bss.servoHandles
                0x2000007c        0x4 ./Core/Src/emotePlayer.o
 .bss.currentEmote
                0x20000080        0x4 ./Core/Src/emotePlayer.o
 .bss.tracks    0x20000084        0x4 ./Core/Src/emotePlayer.o
 .bss.playerState
                0x20000088        0x1 ./Core/Src/emotePlayer.o
 *fill*         0x20000089        0x3 
 .bss.hadc1     0x2000008c       0x48 ./Core/Src/main.o
                0x2000008c                hadc1
 .bss.htim2     0x200000d4       0x48 ./Core/Src/main.o
                0x200000d4                htim2
 .bss.huart2    0x2000011c       0x48 ./Core/Src/main.o
                0x2000011c                huart2
 .bss.__sbrk_heap_end
                0x20000164        0x4 ./Core/Src/sysmem.o
 .bss.handlers  0x20000168        0xc ./Core/Src/usercode.o
 .bss.sensorStatus
                0x20000174        0x1 ./Core/Src/usercode.o
 *fill*         0x20000175        0x3 
 .bss.servoArmRight
                0x20000178        0x4 ./Core/Src/usercode.o
 .bss.servoArmLeft
                0x2000017c        0x4 ./Core/Src/usercode.o
 .bss.servoBounceRight
                0x20000180        0x4 ./Core/Src/usercode.o
 .bss.servoBounceLeft
                0x20000184        0x4 ./Core/Src/usercode.o
 .bss.waveEmote
                0x20000188        0x4 ./Core/Src/usercode.o
 .bss.bounceEmote
                0x2000018c        0x4 ./Core/Src/usercode.o
 .bss.waveEmoteServoCount
                0x20000190        0x4 ./Core/Src/usercode.o
 .bss.bounceEmoteServoCount
                0x20000194        0x4 ./Core/Src/usercode.o
 .bss.time1     0x20000198        0x4 ./Core/Src/usercode.o
 .bss.time2     0x2000019c        0x4 ./Core/Src/usercode.o
 .bss.deltatime
                0x200001a0        0x4 ./Core/Src/usercode.o
 .bss.farReadCount
                0x200001a4        0x4 ./Core/Src/usercode.o
 .bss.middleReadCount
                0x200001a8        0x4 ./Core/Src/usercode.o
 .bss.closeReadCount
                0x200001ac        0x4 ./Core/Src/usercode.o
 .bss.doMiddleEmote
                0x200001b0        0x1 ./Core/Src/usercode.o
 .bss.doCloseEmote
                0x200001b1        0x1 ./Core/Src/usercode.o
 *fill*         0x200001b2        0x2 
 .bss.uwTick    0x200001b4        0x4 ./Drivers/STM32F4xx_HAL_Driver/Src/stm32f4xx_hal.o
                0x200001b4                uwTick
 .bss.__malloc_sbrk_start
                0x200001b8        0x4 C:/ST/STM32CubeIDE_1.19.0/STM32CubeIDE/plugins/com.st.stm32cube.ide.mcu.externaltools.gnu-tools-for-stm32.13.3.rel1.win32_1.0.0.202411081344/tools/bin/../lib/gcc/arm-none-eabi/13.3.1/../../../../arm-none-eabi/lib/thumb/v7e-m+fp/hard\libc_nano.a(libc_a-mallocr.o)
                0x200001b8                __malloc_sbrk_start
 .bss.__malloc_free_list
                0x200001bc        0x4 C:/ST/STM32CubeIDE_1.19.0/STM32CubeIDE/plugins/com.st.stm32cube.ide.mcu.externaltools.gnu-tools-for-stm32.13.3.rel1.win32_1.0.0.202411081344/tools/bin/../lib/gcc/arm-none-eabi/13.3.1/../../../../arm-none-eabi/lib/thumb/v7e-m+fp/hard\libc_nano.a(libc_a-mallocr.o)
                0x200001bc                __malloc_free_list
 .bss.__sf      0x200001c0      0x138 C:/ST/STM32CubeIDE_1.19.0/STM32CubeIDE/plugins/com.st.stm32cube.ide.mcu.externaltools.gnu-tools-for-stm32.13.3.rel1.win32_1.0.0.202411081344/tools/bin/../lib/gcc/arm-none-eabi/13.3.1/../../../../arm-none-eabi/lib/thumb/v7e-m+fp/hard\libc_nano.a(libc_a-findfp.o)
                0x200001c0                __sf
 .bss.errno     0x200002f8        0x4 C:/ST/STM32CubeIDE_1.19.0/STM32CubeIDE/plugins/com.st.stm32cube.ide.mcu.externaltools.gnu-tools-for-stm32.13.3.rel1.win32_1.0.0.202411081344/tools/bin/../lib/gcc/arm-none-eabi/13.3.1/../../../../arm-none-eabi/lib/thumb/v7e-m+fp/hard\libc_nano.a(libc_a-reent.o)
                0x200002f8                errno
 .bss.__lock___malloc_recursive_mutex
                0x200002fc        0x1 C:/ST/STM32CubeIDE_1.19.0/STM32CubeIDE/plugins/com.st.stm32cube.ide.mcu.externaltools.gnu-tools-for-stm32.13.3.rel1.win32_1.0.0.202411081344/tools/bin/../lib/gcc/arm-none-eabi/13.3.1/../../../../arm-none-eabi/lib/thumb/v7e-m+fp/hard\libc_nano.a(libc_a-lock.o)
                0x200002fc                __lock___malloc_recursive_mutex
 *(COMMON)
                0x20000300                        . = ALIGN (0x4)
 *fill*         0x200002fd        0x3 
                0x20000300                        _ebss = .
                0x20000300                        __bss_end__ = _ebss

._user_heap_stack
                0x20000300      0x600 load address 0x08004f5c
                0x20000300                        . = ALIGN (0x8)
                [!provide]                        PROVIDE (end = .)
                0x20000300                        PROVIDE (_end = .)
                0x20000500                        . = (. + _Min_Heap_Size)
 *fill*         0x20000300      0x200 
                0x20000900                        . = (. + _Min_Stack_Size)
 *fill*         0x20000500      0x400 
                0x20000900                        . = ALIGN (0x8)

/DISCARD/
 libc.a(*)
 libm.a(*)
 libgcc.a(*)

.ARM.attributes
                0x00000000       0x30
 *(.ARM.attributes)
 .ARM.attributes
                0x00000000       0x22 C:/ST/STM32CubeIDE_1.19.0/STM32CubeIDE/plugins/com.st.stm32cube.ide.mcu.externaltools.gnu-tools-for-stm32.13.3.rel1.win32_1.0.0.202411081344/tools/bin/../lib/gcc/arm-none-eabi/13.3.1/thumb/v7e-m+fp/hard/crti.o
 .ARM.attributes
                0x00000022       0x34 C:/ST/STM32CubeIDE_1.19.0/STM32CubeIDE/plugins/com.st.stm32cube.ide.mcu.externaltools.gnu-tools-for-stm32.13.3.rel1.win32_1.0.0.202411081344/tools/bin/../lib/gcc/arm-none-eabi/13.3.1/thumb/v7e-m+fp/hard/crtbegin.o
 .ARM.attributes
                0x00000056       0x34 ./Core/Src/command.o
 .ARM.attributes
                0x0000008a       0x34 ./Core/Src/emote.o
 .ARM.attributes
                0x000000be       0x34 ./Core/Src/emotePlayer.o
 .ARM.attributes
                0x000000f2       0x34 ./Core/Src/main.o
 .ARM.attributes
                0x00000126       0x34 ./Core/Src/servo.o
 .ARM.attributes
                0x0000015a       0x34 ./Core/Src/stm32f4xx_hal_msp.o
 .ARM.attributes
                0x0000018e       0x34 ./Core/Src/stm32f4xx_it.o
 .ARM.attributes
                0x000001c2       0x34 ./Core/Src/sysmem.o
 .ARM.attributes
                0x000001f6       0x34 ./Core/Src/system_stm32f4xx.o
 .ARM.attributes
                0x0000022a       0x34 ./Core/Src/usercode.o
 .ARM.attributes
                0x0000025e       0x21 ./Core/Startup/startup_stm32f446retx.o
 .ARM.attributes
                0x0000027f       0x34 ./Drivers/STM32F4xx_HAL_Driver/Src/stm32f4xx_hal.o
 .ARM.attributes
                0x000002b3       0x34 ./Drivers/STM32F4xx_HAL_Driver/Src/stm32f4xx_hal_adc.o
 .ARM.attributes
                0x000002e7       0x34 ./Drivers/STM32F4xx_HAL_Driver/Src/stm32f4xx_hal_cortex.o
 .ARM.attributes
                0x0000031b       0x34 ./Drivers/STM32F4xx_HAL_Driver/Src/stm32f4xx_hal_gpio.o
 .ARM.attributes
                0x0000034f       0x34 ./Drivers/STM32F4xx_HAL_Driver/Src/stm32f4xx_hal_rcc.o
 .ARM.attributes
                0x00000383       0x34 ./Drivers/STM32F4xx_HAL_Driver/Src/stm32f4xx_hal_rcc_ex.o
 .ARM.attributes
                0x000003b7       0x34 ./Drivers/STM32F4xx_HAL_Driver/Src/stm32f4xx_hal_tim.o
 .ARM.attributes
                0x000003eb       0x34 ./Drivers/STM32F4xx_HAL_Driver/Src/stm32f4xx_hal_tim_ex.o
 .ARM.attributes
                0x0000041f       0x34 ./Drivers/STM32F4xx_HAL_Driver/Src/stm32f4xx_hal_uart.o
 .ARM.attributes
                0x00000453       0x34 C:/ST/STM32CubeIDE_1.19.0/STM32CubeIDE/plugins/com.st.stm32cube.ide.mcu.externaltools.gnu-tools-for-stm32.13.3.rel1.win32_1.0.0.202411081344/tools/bin/../lib/gcc/arm-none-eabi/13.3.1/../../../../arm-none-eabi/lib/thumb/v7e-m+fp/hard\libc_nano.a(libc_a-malloc.o)
 .ARM.attributes
                0x00000487       0x34 C:/ST/STM32CubeIDE_1.19.0/STM32CubeIDE/plugins/com.st.stm32cube.ide.mcu.externaltools.gnu-tools-for-stm32.13.3.rel1.win32_1.0.0.202411081344/tools/bin/../lib/gcc/arm-none-eabi/13.3.1/../../../../arm-none-eabi/lib/thumb/v7e-m+fp/hard\libc_nano.a(libc_a-mallocr.o)
 .ARM.attributes
                0x000004bb       0x34 C:/ST/STM32CubeIDE_1.19.0/STM32CubeIDE/plugins/com.st.stm32cube.ide.mcu.externaltools.gnu-tools-for-stm32.13.3.rel1.win32_1.0.0.202411081344/tools/bin/../lib/gcc/arm-none-eabi/13.3.1/../../../../arm-none-eabi/lib/thumb/v7e-m+fp/hard\libc_nano.a(libc_a-mlock.o)
 .ARM.attributes
                0x000004ef       0x34 C:/ST/STM32CubeIDE_1.19.0/STM32CubeIDE/plugins/com.st.stm32cube.ide.mcu.externaltools.gnu-tools-for-stm32.13.3.rel1.win32_1.0.0.202411081344/tools/bin/../lib/gcc/arm-none-eabi/13.3.1/../../../../arm-none-eabi/lib/thumb/v7e-m+fp/hard\libc_nano.a(libc_a-findfp.o)
 .ARM.attributes
                0x00000523       0x34 C:/ST/STM32CubeIDE_1.19.0/STM32CubeIDE/plugins/com.st.stm32cube.ide.mcu.externaltools.gnu-tools-for-stm32.13.3.rel1.win32_1.0.0.202411081344/tools/bin/../lib/gcc/arm-none-eabi/13.3.1/../../../../arm-none-eabi/lib/thumb/v7e-m+fp/hard\libc_nano.a(libc_a-memset.o)
 .ARM.attributes
                0x00000557       0x34 C:/ST/STM32CubeIDE_1.19.0/STM32CubeIDE/plugins/com.st.stm32cube.ide.mcu.externaltools.gnu-tools-for-stm32.13.3.rel1.win32_1.0.0.202411081344/tools/bin/../lib/gcc/arm-none-eabi/13.3.1/../../../../arm-none-eabi/lib/thumb/v7e-m+fp/hard\libc_nano.a(libc_a-reent.o)
 .ARM.attributes
                0x0000058b       0x34 C:/ST/STM32CubeIDE_1.19.0/STM32CubeIDE/plugins/com.st.stm32cube.ide.mcu.externaltools.gnu-tools-for-stm32.13.3.rel1.win32_1.0.0.202411081344/tools/bin/../lib/gcc/arm-none-eabi/13.3.1/../../../../arm-none-eabi/lib/thumb/v7e-m+fp/hard\libc_nano.a(libc_a-impure.o)
 .ARM.attributes
                0x000005bf       0x34 C:/ST/STM32CubeIDE_1.19.0/STM32CubeIDE/plugins/com.st.stm32cube.ide.mcu.externaltools.gnu-tools-for-stm32.13.3.rel1.win32_1.0.0.202411081344/tools/bin/../lib/gcc/arm-none-eabi/13.3.1/../../../../arm-none-eabi/lib/thumb/v7e-m+fp/hard\libc_nano.a(libc_a-sbrkr.o)
 .ARM.attributes
                0x000005f3       0x34 C:/ST/STM32CubeIDE_1.19.0/STM32CubeIDE/plugins/com.st.stm32cube.ide.mcu.externaltools.gnu-tools-for-stm32.13.3.rel1.win32_1.0.0.202411081344/tools/bin/../lib/gcc/arm-none-eabi/13.3.1/../../../../arm-none-eabi/lib/thumb/v7e-m+fp/hard\libc_nano.a(libc_a-errno.o)
 .ARM.attributes
                0x00000627       0x34 C:/ST/STM32CubeIDE_1.19.0/STM32CubeIDE/plugins/com.st.stm32cube.ide.mcu.externaltools.gnu-tools-for-stm32.13.3.rel1.win32_1.0.0.202411081344/tools/bin/../lib/gcc/arm-none-eabi/13.3.1/../../../../arm-none-eabi/lib/thumb/v7e-m+fp/hard\libc_nano.a(libc_a-init.o)
 .ARM.attributes
                0x0000065b       0x34 C:/ST/STM32CubeIDE_1.19.0/STM32CubeIDE/plugins/com.st.stm32cube.ide.mcu.externaltools.gnu-tools-for-stm32.13.3.rel1.win32_1.0.0.202411081344/tools/bin/../lib/gcc/arm-none-eabi/13.3.1/../../../../arm-none-eabi/lib/thumb/v7e-m+fp/hard\libc_nano.a(libc_a-lock.o)
 .ARM.attributes
                0x0000068f       0x34 C:/ST/STM32CubeIDE_1.19.0/STM32CubeIDE/plugins/com.st.stm32cube.ide.mcu.externaltools.gnu-tools-for-stm32.13.3.rel1.win32_1.0.0.202411081344/tools/bin/../lib/gcc/arm-none-eabi/13.3.1/../../../../arm-none-eabi/lib/thumb/v7e-m+fp/hard\libc_nano.a(libc_a-memcpy-stub.o)
 .ARM.attributes
                0x000006c3       0x22 C:/ST/STM32CubeIDE_1.19.0/STM32CubeIDE/plugins/com.st.stm32cube.ide.mcu.externaltools.gnu-tools-for-stm32.13.3.rel1.win32_1.0.0.202411081344/tools/bin/../lib/gcc/arm-none-eabi/13.3.1/thumb/v7e-m+fp/hard\libgcc.a(_aeabi_uldivmod.o)
 .ARM.attributes
                0x000006e5       0x34 C:/ST/STM32CubeIDE_1.19.0/STM32CubeIDE/plugins/com.st.stm32cube.ide.mcu.externaltools.gnu-tools-for-stm32.13.3.rel1.win32_1.0.0.202411081344/tools/bin/../lib/gcc/arm-none-eabi/13.3.1/thumb/v7e-m+fp/hard\libgcc.a(_udivmoddi4.o)
 .ARM.attributes
                0x00000719       0x22 C:/ST/STM32CubeIDE_1.19.0/STM32CubeIDE/plugins/com.st.stm32cube.ide.mcu.externaltools.gnu-tools-for-stm32.13.3.rel1.win32_1.0.0.202411081344/tools/bin/../lib/gcc/arm-none-eabi/13.3.1/thumb/v7e-m+fp/hard\libgcc.a(_dvmd_tls.o)
 .ARM.attributes
                0x0000073b       0x22 C:/ST/STM32CubeIDE_1.19.0/STM32CubeIDE/plugins/com.st.stm32cube.ide.mcu.externaltools.gnu-tools-for-stm32.13.3.rel1.win32_1.0.0.202411081344/tools/bin/../lib/gcc/arm-none-eabi/13.3.1/thumb/v7e-m+fp/hard/crtn.o
OUTPUT(ProjetTemporaire.elf elf32-littlearm)
LOAD linker stubs
LOAD C:/ST/STM32CubeIDE_1.19.0/STM32CubeIDE/plugins/com.st.stm32cube.ide.mcu.externaltools.gnu-tools-for-stm32.13.3.rel1.win32_1.0.0.202411081344/tools/bin/../lib/gcc/arm-none-eabi/13.3.1/../../../../arm-none-eabi/lib/thumb/v7e-m+fp/hard\libc.a
LOAD C:/ST/STM32CubeIDE_1.19.0/STM32CubeIDE/plugins/com.st.stm32cube.ide.mcu.externaltools.gnu-tools-for-stm32.13.3.rel1.win32_1.0.0.202411081344/tools/bin/../lib/gcc/arm-none-eabi/13.3.1/../../../../arm-none-eabi/lib/thumb/v7e-m+fp/hard\libm.a
LOAD C:/ST/STM32CubeIDE_1.19.0/STM32CubeIDE/plugins/com.st.stm32cube.ide.mcu.externaltools.gnu-tools-for-stm32.13.3.rel1.win32_1.0.0.202411081344/tools/bin/../lib/gcc/arm-none-eabi/13.3.1/thumb/v7e-m+fp/hard\libgcc.a

.debug_info     0x00000000    0x10b4a
 .debug_info    0x00000000      0x3df ./Core/Src/command.o
 .debug_info    0x000003df      0x54e ./Core/Src/emote.o
 .debug_info    0x0000092d      0xd2b ./Core/Src/emotePlayer.o
 .debug_info    0x00001658     0x1505 ./Core/Src/main.o
 .debug_info    0x00002b5d      0x98e ./Core/Src/servo.o
 .debug_info    0x000034eb     0x1059 ./Core/Src/stm32f4xx_hal_msp.o
 .debug_info    0x00004544      0x112 ./Core/Src/stm32f4xx_it.o
 .debug_info    0x00004656      0x168 ./Core/Src/sysmem.o
 .debug_info    0x000047be      0x54a ./Core/Src/system_stm32f4xx.o
 .debug_info    0x00004d08     0x12ba ./Core/Src/usercode.o
 .debug_info    0x00005fc2       0x30 ./Core/Startup/startup_stm32f446retx.o
 .debug_info    0x00005ff2      0x99a ./Drivers/STM32F4xx_HAL_Driver/Src/stm32f4xx_hal.o
 .debug_info    0x0000698c      0xce3 ./Drivers/STM32F4xx_HAL_Driver/Src/stm32f4xx_hal_adc.o
 .debug_info    0x0000766f      0xdaa ./Drivers/STM32F4xx_HAL_Driver/Src/stm32f4xx_hal_cortex.o
 .debug_info    0x00008419      0x70b ./Drivers/STM32F4xx_HAL_Driver/Src/stm32f4xx_hal_gpio.o
 .debug_info    0x00008b24      0x8ff ./Drivers/STM32F4xx_HAL_Driver/Src/stm32f4xx_hal_rcc.o
 .debug_info    0x00009423      0x960 ./Drivers/STM32F4xx_HAL_Driver/Src/stm32f4xx_hal_rcc_ex.o
 .debug_info    0x00009d83     0x299d ./Drivers/STM32F4xx_HAL_Driver/Src/stm32f4xx_hal_tim.o
 .debug_info    0x0000c720     0x14db ./Drivers/STM32F4xx_HAL_Driver/Src/stm32f4xx_hal_tim_ex.o
 .debug_info    0x0000dbfb     0x2f4f ./Drivers/STM32F4xx_HAL_Driver/Src/stm32f4xx_hal_uart.o

.debug_abbrev   0x00000000     0x2784
 .debug_abbrev  0x00000000      0x156 ./Core/Src/command.o
 .debug_abbrev  0x00000156      0x1cd ./Core/Src/emote.o
 .debug_abbrev  0x00000323      0x279 ./Core/Src/emotePlayer.o
 .debug_abbrev  0x0000059c      0x29d ./Core/Src/main.o
 .debug_abbrev  0x00000839      0x21c ./Core/Src/servo.o
 .debug_abbrev  0x00000a55      0x21d ./Core/Src/stm32f4xx_hal_msp.o
 .debug_abbrev  0x00000c72       0x73 ./Core/Src/stm32f4xx_it.o
 .debug_abbrev  0x00000ce5       0xbc ./Core/Src/sysmem.o
 .debug_abbrev  0x00000da1      0x11a ./Core/Src/system_stm32f4xx.o
 .debug_abbrev  0x00000ebb      0x27d ./Core/Src/usercode.o
 .debug_abbrev  0x00001138       0x24 ./Core/Startup/startup_stm32f446retx.o
 .debug_abbrev  0x0000115c      0x214 ./Drivers/STM32F4xx_HAL_Driver/Src/stm32f4xx_hal.o
 .debug_abbrev  0x00001370      0x252 ./Drivers/STM32F4xx_HAL_Driver/Src/stm32f4xx_hal_adc.o
 .debug_abbrev  0x000015c2      0x31d ./Drivers/STM32F4xx_HAL_Driver/Src/stm32f4xx_hal_cortex.o
 .debug_abbrev  0x000018df      0x1d4 ./Drivers/STM32F4xx_HAL_Driver/Src/stm32f4xx_hal_gpio.o
 .debug_abbrev  0x00001ab3      0x2b7 ./Drivers/STM32F4xx_HAL_Driver/Src/stm32f4xx_hal_rcc.o
 .debug_abbrev  0x00001d6a      0x211 ./Drivers/STM32F4xx_HAL_Driver/Src/stm32f4xx_hal_rcc_ex.o
 .debug_abbrev  0x00001f7b      0x278 ./Drivers/STM32F4xx_HAL_Driver/Src/stm32f4xx_hal_tim.o
 .debug_abbrev  0x000021f3      0x283 ./Drivers/STM32F4xx_HAL_Driver/Src/stm32f4xx_hal_tim_ex.o
 .debug_abbrev  0x00002476      0x30e ./Drivers/STM32F4xx_HAL_Driver/Src/stm32f4xx_hal_uart.o

.debug_aranges  0x00000000      0xe98
 .debug_aranges
                0x00000000       0x50 ./Core/Src/command.o
 .debug_aranges
                0x00000050       0x30 ./Core/Src/emote.o
 .debug_aranges
                0x00000080       0x80 ./Core/Src/emotePlayer.o
 .debug_aranges
                0x00000100       0x50 ./Core/Src/main.o
 .debug_aranges
                0x00000150       0x40 ./Core/Src/servo.o
 .debug_aranges
                0x00000190       0x58 ./Core/Src/stm32f4xx_hal_msp.o
 .debug_aranges
                0x000001e8       0x60 ./Core/Src/stm32f4xx_it.o
 .debug_aranges
                0x00000248       0x20 ./Core/Src/sysmem.o
 .debug_aranges
                0x00000268       0x28 ./Core/Src/system_stm32f4xx.o
 .debug_aranges
                0x00000290       0x40 ./Core/Src/usercode.o
 .debug_aranges
                0x000002d0       0x28 ./Core/Startup/startup_stm32f446retx.o
 .debug_aranges
                0x000002f8       0xf0 ./Drivers/STM32F4xx_HAL_Driver/Src/stm32f4xx_hal.o
 .debug_aranges
                0x000003e8       0xe8 ./Drivers/STM32F4xx_HAL_Driver/Src/stm32f4xx_hal_adc.o
 .debug_aranges
                0x000004d0      0x130 ./Drivers/STM32F4xx_HAL_Driver/Src/stm32f4xx_hal_cortex.o
 .debug_aranges
                0x00000600       0x58 ./Drivers/STM32F4xx_HAL_Driver/Src/stm32f4xx_hal_gpio.o
 .debug_aranges
                0x00000658       0x88 ./Drivers/STM32F4xx_HAL_Driver/Src/stm32f4xx_hal_rcc.o
 .debug_aranges
                0x000006e0       0x78 ./Drivers/STM32F4xx_HAL_Driver/Src/stm32f4xx_hal_rcc_ex.o
 .debug_aranges
                0x00000758      0x3d0 ./Drivers/STM32F4xx_HAL_Driver/Src/stm32f4xx_hal_tim.o
 .debug_aranges
                0x00000b28      0x168 ./Drivers/STM32F4xx_HAL_Driver/Src/stm32f4xx_hal_tim_ex.o
 .debug_aranges
                0x00000c90      0x208 ./Drivers/STM32F4xx_HAL_Driver/Src/stm32f4xx_hal_uart.o

.debug_rnglists
                0x00000000      0xb58
 .debug_rnglists
                0x00000000       0x37 ./Core/Src/command.o
 .debug_rnglists
                0x00000037       0x21 ./Core/Src/emote.o
 .debug_rnglists
                0x00000058       0x5e ./Core/Src/emotePlayer.o
 .debug_rnglists
                0x000000b6       0x3b ./Core/Src/main.o
 .debug_rnglists
                0x000000f1       0x2f ./Core/Src/servo.o
 .debug_rnglists
                0x00000120       0x40 ./Core/Src/stm32f4xx_hal_msp.o
 .debug_rnglists
                0x00000160       0x43 ./Core/Src/stm32f4xx_it.o
 .debug_rnglists
                0x000001a3       0x13 ./Core/Src/sysmem.o
 .debug_rnglists
                0x000001b6       0x1a ./Core/Src/system_stm32f4xx.o
 .debug_rnglists
                0x000001d0       0x2d ./Core/Src/usercode.o
 .debug_rnglists
                0x000001fd       0x19 ./Core/Startup/startup_stm32f446retx.o
 .debug_rnglists
                0x00000216       0xaf ./Drivers/STM32F4xx_HAL_Driver/Src/stm32f4xx_hal.o
 .debug_rnglists
                0x000002c5       0xb5 ./Drivers/STM32F4xx_HAL_Driver/Src/stm32f4xx_hal_adc.o
 .debug_rnglists
                0x0000037a       0xe0 ./Drivers/STM32F4xx_HAL_Driver/Src/stm32f4xx_hal_cortex.o
 .debug_rnglists
                0x0000045a       0x3f ./Drivers/STM32F4xx_HAL_Driver/Src/stm32f4xx_hal_gpio.o
 .debug_rnglists
                0x00000499       0x66 ./Drivers/STM32F4xx_HAL_Driver/Src/stm32f4xx_hal_rcc.o
 .debug_rnglists
                0x000004ff       0x5e ./Drivers/STM32F4xx_HAL_Driver/Src/stm32f4xx_hal_rcc_ex.o
 .debug_rnglists
                0x0000055d      0x31a ./Drivers/STM32F4xx_HAL_Driver/Src/stm32f4xx_hal_tim.o
 .debug_rnglists
                0x00000877      0x125 ./Drivers/STM32F4xx_HAL_Driver/Src/stm32f4xx_hal_tim_ex.o
 .debug_rnglists
                0x0000099c      0x1bc ./Drivers/STM32F4xx_HAL_Driver/Src/stm32f4xx_hal_uart.o

.debug_macro    0x00000000    0x24306
 .debug_macro   0x00000000      0x200 ./Core/Src/command.o
 .debug_macro   0x00000200      0xad8 ./Core/Src/command.o
 .debug_macro   0x00000cd8      0x2a1 ./Core/Src/command.o
 .debug_macro   0x00000f79       0x2e ./Core/Src/command.o
 .debug_macro   0x00000fa7       0x28 ./Core/Src/command.o
 .debug_macro   0x00000fcf       0x22 ./Core/Src/command.o
 .debug_macro   0x00000ff1       0x8e ./Core/Src/command.o
 .debug_macro   0x0000107f       0x51 ./Core/Src/command.o
 .debug_macro   0x000010d0      0x103 ./Core/Src/command.o
 .debug_macro   0x000011d3       0x6a ./Core/Src/command.o
 .debug_macro   0x0000123d      0x1df ./Core/Src/command.o
 .debug_macro   0x0000141c       0x1c ./Core/Src/command.o
 .debug_macro   0x00001438       0x22 ./Core/Src/command.o
 .debug_macro   0x0000145a       0xfb ./Core/Src/command.o
 .debug_macro   0x00001555     0x1011 ./Core/Src/command.o
 .debug_macro   0x00002566      0x11f ./Core/Src/command.o
 .debug_macro   0x00002685    0x1675e ./Core/Src/command.o
 .debug_macro   0x00018de3       0x6d ./Core/Src/command.o
 .debug_macro   0x00018e50     0x3693 ./Core/Src/command.o
 .debug_macro   0x0001c4e3      0x190 ./Core/Src/command.o
 .debug_macro   0x0001c673       0x5c ./Core/Src/command.o
 .debug_macro   0x0001c6cf      0xca5 ./Core/Src/command.o
 .debug_macro   0x0001d374      0x9e9 ./Core/Src/command.o
 .debug_macro   0x0001dd5d      0x115 ./Core/Src/command.o
 .debug_macro   0x0001de72      0x1a0 ./Core/Src/command.o
 .debug_macro   0x0001e012       0xa5 ./Core/Src/command.o
 .debug_macro   0x0001e0b7      0x16d ./Core/Src/command.o
 .debug_macro   0x0001e224      0x287 ./Core/Src/command.o
 .debug_macro   0x0001e4ab       0x5f ./Core/Src/command.o
 .debug_macro   0x0001e50a      0x236 ./Core/Src/command.o
 .debug_macro   0x0001e740      0xb5b ./Core/Src/command.o
 .debug_macro   0x0001f29b      0x38b ./Core/Src/command.o
 .debug_macro   0x0001f626      0x17d ./Core/Src/command.o
 .debug_macro   0x0001f7a3       0xf9 ./Core/Src/command.o
 .debug_macro   0x0001f89c      0x132 ./Core/Src/command.o
 .debug_macro   0x0001f9ce      0x29c ./Core/Src/command.o
 .debug_macro   0x0001fc6a       0x2e ./Core/Src/command.o
 .debug_macro   0x0001fc98      0x127 ./Core/Src/command.o
 .debug_macro   0x0001fdbf       0xe8 ./Core/Src/command.o
 .debug_macro   0x0001fea7       0x89 ./Core/Src/command.o
 .debug_macro   0x0001ff30      0x8ed ./Core/Src/command.o
 .debug_macro   0x0002081d       0x53 ./Core/Src/command.o
 .debug_macro   0x00020870      0x2aa ./Core/Src/command.o
 .debug_macro   0x00020b1a      0x126 ./Core/Src/command.o
 .debug_macro   0x00020c40      0x2e3 ./Core/Src/emote.o
 .debug_macro   0x00020f23       0x2a ./Core/Src/emote.o
 .debug_macro   0x00020f4d       0x5b ./Core/Src/emote.o
 .debug_macro   0x00020fa8       0x94 ./Core/Src/emote.o
 .debug_macro   0x0002103c       0x43 ./Core/Src/emote.o
 .debug_macro   0x0002107f       0x34 ./Core/Src/emote.o
 .debug_macro   0x000210b3       0x16 ./Core/Src/emote.o
 .debug_macro   0x000210c9      0x11c ./Core/Src/emote.o
 .debug_macro   0x000211e5       0x9b ./Core/Src/emote.o
 .debug_macro   0x00021280       0x57 ./Core/Src/emote.o
 .debug_macro   0x000212d7      0x370 ./Core/Src/emote.o
 .debug_macro   0x00021647       0x16 ./Core/Src/emote.o
 .debug_macro   0x0002165d       0x4a ./Core/Src/emote.o
 .debug_macro   0x000216a7       0x34 ./Core/Src/emote.o
 .debug_macro   0x000216db       0x10 ./Core/Src/emote.o
 .debug_macro   0x000216eb       0x58 ./Core/Src/emote.o
 .debug_macro   0x00021743       0x8e ./Core/Src/emote.o
 .debug_macro   0x000217d1       0x1c ./Core/Src/emote.o
 .debug_macro   0x000217ed      0x185 ./Core/Src/emote.o
 .debug_macro   0x00021972       0x16 ./Core/Src/emote.o
 .debug_macro   0x00021988       0x29 ./Core/Src/emote.o
 .debug_macro   0x000219b1       0x56 ./Core/Src/emote.o
 .debug_macro   0x00021a07       0x22 ./Core/Src/emote.o
 .debug_macro   0x00021a29      0x2f3 ./Core/Src/emotePlayer.o
 .debug_macro   0x00021d1c       0x61 ./Core/Src/emotePlayer.o
 .debug_macro   0x00021d7d       0x3c ./Core/Src/emotePlayer.o
 .debug_macro   0x00021db9      0x311 ./Core/Src/main.o
 .debug_macro   0x000220ca       0x58 ./Core/Src/main.o
 .debug_macro   0x00022122       0x82 ./Core/Src/main.o
 .debug_macro   0x000221a4      0x2d5 ./Core/Src/servo.o
 .debug_macro   0x00022479      0x205 ./Core/Src/stm32f4xx_hal_msp.o
 .debug_macro   0x0002267e      0x20f ./Core/Src/stm32f4xx_it.o
 .debug_macro   0x0002288d      0x112 ./Core/Src/sysmem.o
 .debug_macro   0x0002299f      0x23c ./Core/Src/sysmem.o
 .debug_macro   0x00022bdb      0x1f6 ./Core/Src/system_stm32f4xx.o
 .debug_macro   0x00022dd1      0x302 ./Core/Src/usercode.o
 .debug_macro   0x000230d3      0x256 ./Drivers/STM32F4xx_HAL_Driver/Src/stm32f4xx_hal.o
 .debug_macro   0x00023329      0x1f7 ./Drivers/STM32F4xx_HAL_Driver/Src/stm32f4xx_hal_adc.o
 .debug_macro   0x00023520      0x1f6 ./Drivers/STM32F4xx_HAL_Driver/Src/stm32f4xx_hal_cortex.o
 .debug_macro   0x00023716      0x1fc ./Drivers/STM32F4xx_HAL_Driver/Src/stm32f4xx_hal_gpio.o
 .debug_macro   0x00023912      0x21a ./Drivers/STM32F4xx_HAL_Driver/Src/stm32f4xx_hal_rcc.o
 .debug_macro   0x00023b2c      0x1f6 ./Drivers/STM32F4xx_HAL_Driver/Src/stm32f4xx_hal_rcc_ex.o
 .debug_macro   0x00023d22      0x1f7 ./Drivers/STM32F4xx_HAL_Driver/Src/stm32f4xx_hal_tim.o
 .debug_macro   0x00023f19      0x1f6 ./Drivers/STM32F4xx_HAL_Driver/Src/stm32f4xx_hal_tim_ex.o
 .debug_macro   0x0002410f      0x1f7 ./Drivers/STM32F4xx_HAL_Driver/Src/stm32f4xx_hal_uart.o

.debug_line     0x00000000    0x12f9a
 .debug_line    0x00000000      0x83a ./Core/Src/command.o
 .debug_line    0x0000083a      0xa04 ./Core/Src/emote.o
 .debug_line    0x0000123e      0xc3e ./Core/Src/emotePlayer.o
 .debug_line    0x00001e7c      0xb34 ./Core/Src/main.o
 .debug_line    0x000029b0      0xacc ./Core/Src/servo.o
 .debug_line    0x0000347c      0x89b ./Core/Src/stm32f4xx_hal_msp.o
 .debug_line    0x00003d17      0x83c ./Core/Src/stm32f4xx_it.o
 .debug_line    0x00004553      0x588 ./Core/Src/sysmem.o
 .debug_line    0x00004adb      0x803 ./Core/Src/system_stm32f4xx.o
 .debug_line    0x000052de      0xa90 ./Core/Src/usercode.o
 .debug_line    0x00005d6e       0x7a ./Core/Startup/startup_stm32f446retx.o
 .debug_line    0x00005de8      0xa7f ./Drivers/STM32F4xx_HAL_Driver/Src/stm32f4xx_hal.o
 .debug_line    0x00006867     0x12a2 ./Drivers/STM32F4xx_HAL_Driver/Src/stm32f4xx_hal_adc.o
 .debug_line    0x00007b09      0xd4f ./Drivers/STM32F4xx_HAL_Driver/Src/stm32f4xx_hal_cortex.o
 .debug_line    0x00008858      0xbc3 ./Drivers/STM32F4xx_HAL_Driver/Src/stm32f4xx_hal_gpio.o
 .debug_line    0x0000941b      0xe9a ./Drivers/STM32F4xx_HAL_Driver/Src/stm32f4xx_hal_rcc.o
 .debug_line    0x0000a2b5     0x154b ./Drivers/STM32F4xx_HAL_Driver/Src/stm32f4xx_hal_rcc_ex.o
 .debug_line    0x0000b800     0x37f4 ./Drivers/STM32F4xx_HAL_Driver/Src/stm32f4xx_hal_tim.o
 .debug_line    0x0000eff4     0x19df ./Drivers/STM32F4xx_HAL_Driver/Src/stm32f4xx_hal_tim_ex.o
 .debug_line    0x000109d3     0x25c7 ./Drivers/STM32F4xx_HAL_Driver/Src/stm32f4xx_hal_uart.o

.debug_str      0x00000000    0xddd86
 .debug_str     0x00000000    0xddd86 ./Core/Src/command.o
                              0xd5f1f (size before relaxing)
 .debug_str     0x000ddd86    0xd9294 ./Core/Src/emote.o
 .debug_str     0x000ddd86    0xd99bb ./Core/Src/emotePlayer.o
 .debug_str     0x000ddd86    0xda142 ./Core/Src/main.o
 .debug_str     0x000ddd86    0xd9632 ./Core/Src/servo.o
 .debug_str     0x000ddd86    0xd68b5 ./Core/Src/stm32f4xx_hal_msp.o
 .debug_str     0x000ddd86    0xd5e09 ./Core/Src/stm32f4xx_it.o
 .debug_str     0x000ddd86     0x7786 ./Core/Src/sysmem.o
 .debug_str     0x000ddd86    0xd5e32 ./Core/Src/system_stm32f4xx.o
 .debug_str     0x000ddd86    0xda05c ./Core/Src/usercode.o
 .debug_str     0x000ddd86       0x88 ./Core/Startup/startup_stm32f446retx.o
 .debug_str     0x000ddd86    0xd69f7 ./Drivers/STM32F4xx_HAL_Driver/Src/stm32f4xx_hal.o
 .debug_str     0x000ddd86    0xd63fa ./Drivers/STM32F4xx_HAL_Driver/Src/stm32f4xx_hal_adc.o
 .debug_str     0x000ddd86    0xd674e ./Drivers/STM32F4xx_HAL_Driver/Src/stm32f4xx_hal_cortex.o
 .debug_str     0x000ddd86    0xd5fad ./Drivers/STM32F4xx_HAL_Driver/Src/stm32f4xx_hal_gpio.o
 .debug_str     0x000ddd86    0xd626b ./Drivers/STM32F4xx_HAL_Driver/Src/stm32f4xx_hal_rcc.o
 .debug_str     0x000ddd86    0xd629e ./Drivers/STM32F4xx_HAL_Driver/Src/stm32f4xx_hal_rcc_ex.o
 .debug_str     0x000ddd86    0xd7197 ./Drivers/STM32F4xx_HAL_Driver/Src/stm32f4xx_hal_tim.o
 .debug_str     0x000ddd86    0xd69a3 ./Drivers/STM32F4xx_HAL_Driver/Src/stm32f4xx_hal_tim_ex.o
 .debug_str     0x000ddd86    0xd6822 ./Drivers/STM32F4xx_HAL_Driver/Src/stm32f4xx_hal_uart.o

.comment        0x00000000       0x43
 .comment       0x00000000       0x43 ./Core/Src/command.o
                                 0x44 (size before relaxing)
 .comment       0x00000043       0x44 ./Core/Src/emote.o
 .comment       0x00000043       0x44 ./Core/Src/emotePlayer.o
 .comment       0x00000043       0x44 ./Core/Src/main.o
 .comment       0x00000043       0x44 ./Core/Src/servo.o
 .comment       0x00000043       0x44 ./Core/Src/stm32f4xx_hal_msp.o
 .comment       0x00000043       0x44 ./Core/Src/stm32f4xx_it.o
 .comment       0x00000043       0x44 ./Core/Src/sysmem.o
 .comment       0x00000043       0x44 ./Core/Src/system_stm32f4xx.o
 .comment       0x00000043       0x44 ./Core/Src/usercode.o
 .comment       0x00000043       0x44 ./Drivers/STM32F4xx_HAL_Driver/Src/stm32f4xx_hal.o
 .comment       0x00000043       0x44 ./Drivers/STM32F4xx_HAL_Driver/Src/stm32f4xx_hal_adc.o
 .comment       0x00000043       0x44 ./Drivers/STM32F4xx_HAL_Driver/Src/stm32f4xx_hal_cortex.o
 .comment       0x00000043       0x44 ./Drivers/STM32F4xx_HAL_Driver/Src/stm32f4xx_hal_gpio.o
 .comment       0x00000043       0x44 ./Drivers/STM32F4xx_HAL_Driver/Src/stm32f4xx_hal_rcc.o
 .comment       0x00000043       0x44 ./Drivers/STM32F4xx_HAL_Driver/Src/stm32f4xx_hal_rcc_ex.o
 .comment       0x00000043       0x44 ./Drivers/STM32F4xx_HAL_Driver/Src/stm32f4xx_hal_tim.o
 .comment       0x00000043       0x44 ./Drivers/STM32F4xx_HAL_Driver/Src/stm32f4xx_hal_tim_ex.o
 .comment       0x00000043       0x44 ./Drivers/STM32F4xx_HAL_Driver/Src/stm32f4xx_hal_uart.o

.debug_frame    0x00000000     0x3fcc
 .debug_frame   0x00000000      0x128 ./Core/Src/command.o
 .debug_frame   0x00000128       0x84 ./Core/Src/emote.o
 .debug_frame   0x000001ac      0x1f4 ./Core/Src/emotePlayer.o
 .debug_frame   0x000003a0       0xf4 ./Core/Src/main.o
 .debug_frame   0x00000494       0xc8 ./Core/Src/servo.o
 .debug_frame   0x0000055c      0x138 ./Core/Src/stm32f4xx_hal_msp.o
 .debug_frame   0x00000694      0x104 ./Core/Src/stm32f4xx_it.o
 .debug_frame   0x00000798       0x34 ./Core/Src/sysmem.o
 .debug_frame   0x000007cc       0x58 ./Core/Src/system_stm32f4xx.o
 .debug_frame   0x00000824       0xc0 ./Core/Src/usercode.o
 .debug_frame   0x000008e4      0x374 ./Drivers/STM32F4xx_HAL_Driver/Src/stm32f4xx_hal.o
 .debug_frame   0x00000c58      0x3fc ./Drivers/STM32F4xx_HAL_Driver/Src/stm32f4xx_hal_adc.o
 .debug_frame   0x00001054      0x508 ./Drivers/STM32F4xx_HAL_Driver/Src/stm32f4xx_hal_cortex.o
 .debug_frame   0x0000155c      0x14c ./Drivers/STM32F4xx_HAL_Driver/Src/stm32f4xx_hal_gpio.o
 .debug_frame   0x000016a8      0x1f4 ./Drivers/STM32F4xx_HAL_Driver/Src/stm32f4xx_hal_rcc.o
 .debug_frame   0x0000189c      0x1e8 ./Drivers/STM32F4xx_HAL_Driver/Src/stm32f4xx_hal_rcc_ex.o
 .debug_frame   0x00001a84     0x11c0 ./Drivers/STM32F4xx_HAL_Driver/Src/stm32f4xx_hal_tim.o
 .debug_frame   0x00002c44      0x638 ./Drivers/STM32F4xx_HAL_Driver/Src/stm32f4xx_hal_tim_ex.o
 .debug_frame   0x0000327c      0x954 ./Drivers/STM32F4xx_HAL_Driver/Src/stm32f4xx_hal_uart.o
 .debug_frame   0x00003bd0       0x30 C:/ST/STM32CubeIDE_1.19.0/STM32CubeIDE/plugins/com.st.stm32cube.ide.mcu.externaltools.gnu-tools-for-stm32.13.3.rel1.win32_1.0.0.202411081344/tools/bin/../lib/gcc/arm-none-eabi/13.3.1/../../../../arm-none-eabi/lib/thumb/v7e-m+fp/hard\libc_nano.a(libc_a-malloc.o)
 .debug_frame   0x00003c00       0x50 C:/ST/STM32CubeIDE_1.19.0/STM32CubeIDE/plugins/com.st.stm32cube.ide.mcu.externaltools.gnu-tools-for-stm32.13.3.rel1.win32_1.0.0.202411081344/tools/bin/../lib/gcc/arm-none-eabi/13.3.1/../../../../arm-none-eabi/lib/thumb/v7e-m+fp/hard\libc_nano.a(libc_a-mallocr.o)
 .debug_frame   0x00003c50       0x30 C:/ST/STM32CubeIDE_1.19.0/STM32CubeIDE/plugins/com.st.stm32cube.ide.mcu.externaltools.gnu-tools-for-stm32.13.3.rel1.win32_1.0.0.202411081344/tools/bin/../lib/gcc/arm-none-eabi/13.3.1/../../../../arm-none-eabi/lib/thumb/v7e-m+fp/hard\libc_nano.a(libc_a-mlock.o)
 .debug_frame   0x00003c80      0x144 C:/ST/STM32CubeIDE_1.19.0/STM32CubeIDE/plugins/com.st.stm32cube.ide.mcu.externaltools.gnu-tools-for-stm32.13.3.rel1.win32_1.0.0.202411081344/tools/bin/../lib/gcc/arm-none-eabi/13.3.1/../../../../arm-none-eabi/lib/thumb/v7e-m+fp/hard\libc_nano.a(libc_a-findfp.o)
 .debug_frame   0x00003dc4       0x20 C:/ST/STM32CubeIDE_1.19.0/STM32CubeIDE/plugins/com.st.stm32cube.ide.mcu.externaltools.gnu-tools-for-stm32.13.3.rel1.win32_1.0.0.202411081344/tools/bin/../lib/gcc/arm-none-eabi/13.3.1/../../../../arm-none-eabi/lib/thumb/v7e-m+fp/hard\libc_nano.a(libc_a-memset.o)
 .debug_frame   0x00003de4       0x38 C:/ST/STM32CubeIDE_1.19.0/STM32CubeIDE/plugins/com.st.stm32cube.ide.mcu.externaltools.gnu-tools-for-stm32.13.3.rel1.win32_1.0.0.202411081344/tools/bin/../lib/gcc/arm-none-eabi/13.3.1/../../../../arm-none-eabi/lib/thumb/v7e-m+fp/hard\libc_nano.a(libc_a-reent.o)
 .debug_frame   0x00003e1c       0x2c C:/ST/STM32CubeIDE_1.19.0/STM32CubeIDE/plugins/com.st.stm32cube.ide.mcu.externaltools.gnu-tools-for-stm32.13.3.rel1.win32_1.0.0.202411081344/tools/bin/../lib/gcc/arm-none-eabi/13.3.1/../../../../arm-none-eabi/lib/thumb/v7e-m+fp/hard\libc_nano.a(libc_a-sbrkr.o)
 .debug_frame   0x00003e48       0x20 C:/ST/STM32CubeIDE_1.19.0/STM32CubeIDE/plugins/com.st.stm32cube.ide.mcu.externaltools.gnu-tools-for-stm32.13.3.rel1.win32_1.0.0.202411081344/tools/bin/../lib/gcc/arm-none-eabi/13.3.1/../../../../arm-none-eabi/lib/thumb/v7e-m+fp/hard\libc_nano.a(libc_a-errno.o)
 .debug_frame   0x00003e68       0x2c C:/ST/STM32CubeIDE_1.19.0/STM32CubeIDE/plugins/com.st.stm32cube.ide.mcu.externaltools.gnu-tools-for-stm32.13.3.rel1.win32_1.0.0.202411081344/tools/bin/../lib/gcc/arm-none-eabi/13.3.1/../../../../arm-none-eabi/lib/thumb/v7e-m+fp/hard\libc_nano.a(libc_a-init.o)
 .debug_frame   0x00003e94       0xb0 C:/ST/STM32CubeIDE_1.19.0/STM32CubeIDE/plugins/com.st.stm32cube.ide.mcu.externaltools.gnu-tools-for-stm32.13.3.rel1.win32_1.0.0.202411081344/tools/bin/../lib/gcc/arm-none-eabi/13.3.1/../../../../arm-none-eabi/lib/thumb/v7e-m+fp/hard\libc_nano.a(libc_a-lock.o)
 .debug_frame   0x00003f44       0x28 C:/ST/STM32CubeIDE_1.19.0/STM32CubeIDE/plugins/com.st.stm32cube.ide.mcu.externaltools.gnu-tools-for-stm32.13.3.rel1.win32_1.0.0.202411081344/tools/bin/../lib/gcc/arm-none-eabi/13.3.1/../../../../arm-none-eabi/lib/thumb/v7e-m+fp/hard\libc_nano.a(libc_a-memcpy-stub.o)
 .debug_frame   0x00003f6c       0x2c C:/ST/STM32CubeIDE_1.19.0/STM32CubeIDE/plugins/com.st.stm32cube.ide.mcu.externaltools.gnu-tools-for-stm32.13.3.rel1.win32_1.0.0.202411081344/tools/bin/../lib/gcc/arm-none-eabi/13.3.1/thumb/v7e-m+fp/hard\libgcc.a(_aeabi_uldivmod.o)
 .debug_frame   0x00003f98       0x34 C:/ST/STM32CubeIDE_1.19.0/STM32CubeIDE/plugins/com.st.stm32cube.ide.mcu.externaltools.gnu-tools-for-stm32.13.3.rel1.win32_1.0.0.202411081344/tools/bin/../lib/gcc/arm-none-eabi/13.3.1/thumb/v7e-m+fp/hard\libgcc.a(_udivmoddi4.o)

.debug_line_str
                0x00000000       0x6c
 .debug_line_str
                0x00000000       0x6c ./Core/Startup/startup_stm32f446retx.o
